Component: ARM Compiler 5.06 update 7 (build 960) Tool: armlink [4d3601]

==============================================================================

Section Cross References

    main.o(i.main) refers to system.o(i.systemInit) for systemInit
    main.o(i.main) refers to tasks.o(i.xTaskCreate) for xTaskCreate
    main.o(i.main) refers to tasks.o(i.vTaskStartScheduler) for vTaskStartScheduler
    main.o(i.main) refers to main.o(.data) for .data
    main.o(i.main) refers to main.o(i.start_task) for start_task
    main.o(i.start_task) refers to port.o(i.vPortEnterCritical) for vPortEnterCritical
    main.o(i.start_task) refers to tasks.o(i.xTaskCreate) for xTaskCreate
    main.o(i.start_task) refers to tasks.o(i.vTaskDelete) for vTaskDelete
    main.o(i.start_task) refers to port.o(i.vPortExitCritical) for vPortExitCritical
    main.o(i.start_task) refers to balance.o(i.Balance_task) for Balance_task
    main.o(i.start_task) refers to mpu6050.o(i.MPU6050_task) for MPU6050_task
    main.o(i.start_task) refers to show.o(i.show_task) for show_task
    main.o(i.start_task) refers to led.o(i.led_task) for led_task
    main.o(i.start_task) refers to pstwo.o(i.pstwo_task) for pstwo_task
    main.o(i.start_task) refers to usartx.o(i.data_task) for data_task
    main.o(i.start_task) refers to main.o(.data) for .data
    system_stm32f4xx.o(i.SystemCoreClockUpdate) refers to system_stm32f4xx.o(.data) for .data
    system_stm32f4xx.o(i.SystemInit) refers to system_stm32f4xx.o(i.SetSysClock) for SetSysClock
    adc.o(i.Adc_Init) refers to stm32f4xx_rcc.o(i.RCC_AHB1PeriphClockCmd) for RCC_AHB1PeriphClockCmd
    adc.o(i.Adc_Init) refers to stm32f4xx_rcc.o(i.RCC_APB2PeriphClockCmd) for RCC_APB2PeriphClockCmd
    adc.o(i.Adc_Init) refers to stm32f4xx_gpio.o(i.GPIO_Init) for GPIO_Init
    adc.o(i.Adc_Init) refers to stm32f4xx_rcc.o(i.RCC_APB2PeriphResetCmd) for RCC_APB2PeriphResetCmd
    adc.o(i.Adc_Init) refers to stm32f4xx_adc.o(i.ADC_CommonInit) for ADC_CommonInit
    adc.o(i.Adc_Init) refers to stm32f4xx_adc.o(i.ADC_Init) for ADC_Init
    adc.o(i.Adc_Init) refers to stm32f4xx_adc.o(i.ADC_Cmd) for ADC_Cmd
    adc.o(i.Adc_POWER_Init) refers to stm32f4xx_rcc.o(i.RCC_AHB1PeriphClockCmd) for RCC_AHB1PeriphClockCmd
    adc.o(i.Adc_POWER_Init) refers to stm32f4xx_rcc.o(i.RCC_APB2PeriphClockCmd) for RCC_APB2PeriphClockCmd
    adc.o(i.Adc_POWER_Init) refers to stm32f4xx_gpio.o(i.GPIO_Init) for GPIO_Init
    adc.o(i.Adc_POWER_Init) refers to stm32f4xx_rcc.o(i.RCC_APB2PeriphResetCmd) for RCC_APB2PeriphResetCmd
    adc.o(i.Adc_POWER_Init) refers to stm32f4xx_adc.o(i.ADC_CommonInit) for ADC_CommonInit
    adc.o(i.Adc_POWER_Init) refers to stm32f4xx_adc.o(i.ADC_Init) for ADC_Init
    adc.o(i.Adc_POWER_Init) refers to stm32f4xx_adc.o(i.ADC_Cmd) for ADC_Cmd
    adc.o(i.Adc_Smoke_Init) refers to stm32f4xx_rcc.o(i.RCC_AHB1PeriphClockCmd) for RCC_AHB1PeriphClockCmd
    adc.o(i.Adc_Smoke_Init) refers to stm32f4xx_gpio.o(i.GPIO_Init) for GPIO_Init
    adc.o(i.Get_Adc) refers to stm32f4xx_adc.o(i.ADC_RegularChannelConfig) for ADC_RegularChannelConfig
    adc.o(i.Get_Adc) refers to stm32f4xx_adc.o(i.ADC_SoftwareStartConv) for ADC_SoftwareStartConv
    adc.o(i.Get_Adc) refers to stm32f4xx_adc.o(i.ADC_GetFlagStatus) for ADC_GetFlagStatus
    adc.o(i.Get_Adc) refers to stm32f4xx_adc.o(i.ADC_GetConversionValue) for ADC_GetConversionValue
    adc.o(i.Get_Adc2) refers to stm32f4xx_adc.o(i.ADC_RegularChannelConfig) for ADC_RegularChannelConfig
    adc.o(i.Get_Adc2) refers to stm32f4xx_adc.o(i.ADC_SoftwareStartConv) for ADC_SoftwareStartConv
    adc.o(i.Get_Adc2) refers to stm32f4xx_adc.o(i.ADC_GetFlagStatus) for ADC_GetFlagStatus
    adc.o(i.Get_Adc2) refers to stm32f4xx_adc.o(i.ADC_GetConversionValue) for ADC_GetConversionValue
    adc.o(i.Get_Smoke_Value) refers to adc.o(i.Get_Adc) for Get_Adc
    adc.o(i.Get_adc_Average) refers to adc.o(i.Get_Adc) for Get_Adc
    adc.o(i.Get_adc_Average) refers to delay.o(i.delay_ms) for delay_ms
    adc.o(i.Get_battery_volt) refers to adc.o(i.Get_Adc2) for Get_Adc2
    adc.o(i.Get_battery_volt) refers to dflt_clz.o(x$fpl$dfltu) for __aeabi_ui2d
    adc.o(i.Get_battery_volt) refers to dmul.o(x$fpl$dmul) for __aeabi_dmul
    adc.o(i.Get_battery_volt) refers to d2f.o(x$fpl$d2f) for __aeabi_d2f
    can.o(i.CAN1_Mode_Init) refers to stm32f4xx_rcc.o(i.RCC_AHB1PeriphClockCmd) for RCC_AHB1PeriphClockCmd
    can.o(i.CAN1_Mode_Init) refers to stm32f4xx_rcc.o(i.RCC_APB1PeriphClockCmd) for RCC_APB1PeriphClockCmd
    can.o(i.CAN1_Mode_Init) refers to stm32f4xx_gpio.o(i.GPIO_Init) for GPIO_Init
    can.o(i.CAN1_Mode_Init) refers to stm32f4xx_gpio.o(i.GPIO_PinAFConfig) for GPIO_PinAFConfig
    can.o(i.CAN1_Mode_Init) refers to misc.o(i.NVIC_Init) for NVIC_Init
    can.o(i.CAN1_Mode_Init) refers to stm32f4xx_can.o(i.CAN_ITConfig) for CAN_ITConfig
    can.o(i.CAN1_RX0_IRQHandler) refers to can.o(i.CAN1_Rx_Msg) for CAN1_Rx_Msg
    can.o(i.CAN1_RX0_IRQHandler) refers to usartx.o(i.Vz_to_Akm_Angle) for Vz_to_Akm_Angle
[...]
    KEY_Init                                 0x080022f1   Thumb Code    40  key.o(i.KEY_Init)
    Key                                      0x0800231d   Thumb Code    38  balance.o(i.Key)
    LED_Init                                 0x08002355   Thumb Code    58  led.o(i.LED_Init)
    Limit_Pwm                                0x08002395   Thumb Code   126  balance.o(i.Limit_Pwm)
    MPU6050_Set_LPF                          0x08002425   Thumb Code    50  mpu6050.o(i.MPU6050_Set_LPF)
    MPU6050_Set_Rate                         0x08002457   Thumb Code    48  mpu6050.o(i.MPU6050_Set_Rate)
    MPU6050_initialize                       0x08002487   Thumb Code   132  mpu6050.o(i.MPU6050_initialize)
    MPU6050_setFullScaleAccelRange           0x0800250b   Thumb Code    18  mpu6050.o(i.MPU6050_setFullScaleAccelRange)
    MPU6050_setFullScaleGyroRange            0x0800251d   Thumb Code    18  mpu6050.o(i.MPU6050_setFullScaleGyroRange)
    MPU6050_task                             0x08002531   Thumb Code    60  mpu6050.o(i.MPU6050_task)
    MPU_Get_Accelscope                       0x08002571   Thumb Code   130  mpu6050.o(i.MPU_Get_Accelscope)
    MPU_Get_Gyroscope                        0x080025f9   Thumb Code   152  mpu6050.o(i.MPU_Get_Gyroscope)
    MemManage_Handler                        0x0800269d   Thumb Code     2  stm32f4xx_it.o(i.MemManage_Handler)
    NMI_Handler                              0x0800269f   Thumb Code     2  stm32f4xx_it.o(i.NMI_Handler)
    NVIC_Init                                0x080026a1   Thumb Code    96  misc.o(i.NVIC_Init)
    NVIC_PriorityGroupConfig                 0x08002705   Thumb Code    10  misc.o(i.NVIC_PriorityGroupConfig)
    OLED_Clear                               0x08002719   Thumb Code    38  oled.o(i.OLED_Clear)
    OLED_DrawPoint                           0x08002745   Thumb Code    54  oled.o(i.OLED_DrawPoint)
    OLED_Init                                0x08002781   Thumb Code   294  oled.o(i.OLED_Init)
    OLED_Refresh_Gram                        0x080028b1   Thumb Code    66  oled.o(i.OLED_Refresh_Gram)
    OLED_ShowChar                            0x080028f9   Thumb Code   124  oled.o(i.OLED_ShowChar)
    OLED_ShowNumber                          0x0800297d   Thumb Code   120  oled.o(i.OLED_ShowNumber)
    OLED_ShowString                          0x080029f5   Thumb Code    62  oled.o(i.OLED_ShowString)
    OLED_WR_Byte                             0x08002a35   Thumb Code    62  oled.o(i.OLED_WR_Byte)
    PS2_ClearData                            0x08002a79   Thumb Code    18  pstwo.o(i.PS2_ClearData)
    PS2_Cmd                                  0x08002a91   Thumb Code   124  pstwo.o(i.PS2_Cmd)
    PS2_DataKey                              0x08002b15   Thumb Code    56  pstwo.o(i.PS2_DataKey)
    PS2_EnterConfing                         0x08002b55   Thumb Code    88  pstwo.o(i.PS2_EnterConfing)
    PS2_ExitConfing                          0x08002bb1   Thumb Code    88  pstwo.o(i.PS2_ExitConfing)
    PS2_Init                                 0x08002c0d   Thumb Code    78  pstwo.o(i.PS2_Init)
    PS2_Read                                 0x08002c61   Thumb Code   158  pstwo.o(i.PS2_Read)
    PS2_ReadData                             0x08002d39   Thumb Code   156  pstwo.o(i.PS2_ReadData)
    PS2_SetInit                              0x08002de1   Thumb Code    30  pstwo.o(i.PS2_SetInit)
    PS2_ShortPoll                            0x08002e01   Thumb Code    64  pstwo.o(i.PS2_ShortPoll)
    PS2_TurnOnAnalogMode                     0x08002e45   Thumb Code    82  pstwo.o(i.PS2_TurnOnAnalogMode)
    PS2_control                              0x08002e9d   Thumb Code   396  balance.o(i.PS2_control)
    PWR_BackupAccessCmd                      0x0800307d   Thumb Code     6  stm32f4xx_pwr.o(i.PWR_BackupAccessCmd)
    RCC_AHB1PeriphClockCmd                   0x08003089   Thumb Code    18  stm32f4xx_rcc.o(i.RCC_AHB1PeriphClockCmd)
    RCC_APB1PeriphClockCmd                   0x080030a1   Thumb Code    18  stm32f4xx_rcc.o(i.RCC_APB1PeriphClockCmd)
    RCC_APB2PeriphClockCmd                   0x080030b9   Thumb Code    18  stm32f4xx_rcc.o(i.RCC_APB2PeriphClockCmd)
    RCC_APB2PeriphResetCmd                   0x080030d1   Thumb Code    18  stm32f4xx_rcc.o(i.RCC_APB2PeriphResetCmd)
    RCC_GetClocksFreq                        0x080030e9   Thumb Code   132  stm32f4xx_rcc.o(i.RCC_GetClocksFreq)
    RCC_LSEConfig                            0x08003179   Thumb Code    22  stm32f4xx_rcc.o(i.RCC_LSEConfig)
    Read_Encoder                             0x08003195   Thumb Code    52  encoder.o(i.Read_Encoder)
    Remote_Control                           0x080031d5   Thumb Code   398  balance.o(i.Remote_Control)
    Robot_Init                               0x0800339d   Thumb Code   124  robot_select_init.o(i.Robot_Init)
    Robot_Select                             0x08003435   Thumb Code   214  robot_select_init.o(i.Robot_Select)
    Set_Pwm                                  0x0800362d   Thumb Code    94  balance.o(i.Set_Pwm)
    Smooth_control                           0x080036a1   Thumb Code   308  balance.o(i.Smooth_control)
    SysTick_CLKSourceConfig                  0x080037e1   Thumb Code    24  misc.o(i.SysTick_CLKSourceConfig)
    SysTick_Handler                          0x080037f9   Thumb Code    20  delay.o(i.SysTick_Handler)
    SystemInit                               0x0800380d   Thumb Code    74  system_stm32f4xx.o(i.SystemInit)
    TIM10_PWM_Init                           0x080038cd   Thumb Code   150  motor.o(i.TIM10_PWM_Init)
    TIM11_PWM_Init                           0x0800396d   Thumb Code   158  motor.o(i.TIM11_PWM_Init)
    TIM1_PWM_Init                            0x08003a15   Thumb Code   238  motor.o(i.TIM1_PWM_Init)
    TIM2_IRQHandler                          0x08003b0d   Thumb Code    16  encoder.o(i.TIM2_IRQHandler)
    TIM3_IRQHandler                          0x08003b1d   Thumb Code    14  encoder.o(i.TIM3_IRQHandler)
    TIM4_IRQHandler                          0x08003b31   Thumb Code    14  encoder.o(i.TIM4_IRQHandler)
    TIM5_IRQHandler                          0x08003b45   Thumb Code    14  encoder.o(i.TIM5_IRQHandler)
    TIM8_BRK_TIM12_IRQHandler                0x08003b59   Thumb Code    14  encoder.o(i.TIM8_BRK_TIM12_IRQHandler)
    TIM8_CC_IRQHandler                       0x08003b6d   Thumb Code   576  timer.o(i.TIM8_CC_IRQHandler)
    TIM8_UP_TIM13_IRQHandler                 0x08003dd1   Thumb Code    12  timer.o(i.TIM8_UP_TIM13_IRQHandler)
    TIM9_PWM_Init                            0x08003de1   Thumb Code   176  motor.o(i.TIM9_PWM_Init)
    TIM_ARRPreloadConfig                     0x08003e99   Thumb Code    20  stm32f4xx_tim.o(i.TIM_ARRPreloadConfig)
    TIM_ClearFlag                            0x08003ead   Thumb Code     6  stm32f4xx_tim.o(i.TIM_ClearFlag)
    TIM_ClearITPendingBit                    0x08003eb3   Thumb Code     6  stm32f4xx_tim.o(i.TIM_ClearITPendingBit)
    TIM_Cmd                                  0x08003eb9   Thumb Code    20  stm32f4xx_tim.o(i.TIM_Cmd)
    TIM_CtrlPWMOutputs                       0x08003ecd   Thumb Code    22  stm32f4xx_tim.o(i.TIM_CtrlPWMOutputs)
    TIM_EncoderInterfaceConfig               0x08003ee3   Thumb Code    50  stm32f4xx_tim.o(i.TIM_EncoderInterfaceConfig)
    TIM_GetCapture1                          0x08003f15   Thumb Code     4  stm32f4xx_tim.o(i.TIM_GetCapture1)
    TIM_GetCapture2                          0x08003f19   Thumb Code     4  stm32f4xx_tim.o(i.TIM_GetCapture2)
    TIM_GetCapture3                          0x08003f1d   Thumb Code     4  stm32f4xx_tim.o(i.TIM_GetCapture3)
    TIM_GetCapture4                          0x08003f21   Thumb Code     4  stm32f4xx_tim.o(i.TIM_GetCapture4)
    TIM_GetITStatus                          0x08003f25   Thumb Code    24  stm32f4xx_tim.o(i.TIM_GetITStatus)
    TIM_ICInit                               0x08003f3d   Thumb Code   172  stm32f4xx_tim.o(i.TIM_ICInit)
    TIM_ICStructInit                         0x08003fe9   Thumb Code    16  stm32f4xx_tim.o(i.TIM_ICStructInit)
    TIM_ITConfig                             0x08003ff9   Thumb Code    16  stm32f4xx_tim.o(i.TIM_ITConfig)
    TIM_OC1Init                              0x08004009   Thumb Code    88  stm32f4xx_tim.o(i.TIM_OC1Init)
    TIM_OC1PolarityConfig                    0x08004069   Thumb Code    12  stm32f4xx_tim.o(i.TIM_OC1PolarityConfig)
    TIM_OC1PreloadConfig                     0x08004075   Thumb Code    12  stm32f4xx_tim.o(i.TIM_OC1PreloadConfig)
    TIM_OC2Init                              0x08004081   Thumb Code   120  stm32f4xx_tim.o(i.TIM_OC2Init)
    TIM_OC2PolarityConfig                    0x08004101   Thumb Code    20  stm32f4xx_tim.o(i.TIM_OC2PolarityConfig)
    TIM_OC2PreloadConfig                     0x08004115   Thumb Code    20  stm32f4xx_tim.o(i.TIM_OC2PreloadConfig)
    TIM_OC3Init                              0x08004129   Thumb Code   116  stm32f4xx_tim.o(i.TIM_OC3Init)
    TIM_OC3PolarityConfig                    0x080041a5   Thumb Code    20  stm32f4xx_tim.o(i.TIM_OC3PolarityConfig)
    TIM_OC3PreloadConfig                     0x080041b9   Thumb Code    12  stm32f4xx_tim.o(i.TIM_OC3PreloadConfig)
    TIM_OC4Init                              0x080041c5   Thumb Code    88  stm32f4xx_tim.o(i.TIM_OC4Init)
    TIM_OC4PolarityConfig                    0x08004225   Thumb Code    20  stm32f4xx_tim.o(i.TIM_OC4PolarityConfig)
    TIM_OC4PreloadConfig                     0x08004239   Thumb Code    20  stm32f4xx_tim.o(i.TIM_OC4PreloadConfig)
    TIM_SetCounter                           0x0800424d   Thumb Code     4  stm32f4xx_tim.o(i.TIM_SetCounter)
    TIM_SetIC1Prescaler                      0x08004251   Thumb Code    16  stm32f4xx_tim.o(i.TIM_SetIC1Prescaler)
    TIM_SetIC2Prescaler                      0x08004261   Thumb Code    24  stm32f4xx_tim.o(i.TIM_SetIC2Prescaler)
    TIM_SetIC3Prescaler                      0x08004279   Thumb Code    16  stm32f4xx_tim.o(i.TIM_SetIC3Prescaler)
    TIM_SetIC4Prescaler                      0x08004289   Thumb Code    24  stm32f4xx_tim.o(i.TIM_SetIC4Prescaler)
    TIM_TimeBaseInit                         0x080042a1   Thumb Code    96  stm32f4xx_tim.o(i.TIM_TimeBaseInit)
    TIM_TimeBaseStructInit                   0x0800431d   Thumb Code    18  stm32f4xx_tim.o(i.TIM_TimeBaseStructInit)
    Turn_Off                                 0x08004331   Thumb Code    54  balance.o(i.Turn_Off)
    UART5_IRQHandler                         0x08004381   Thumb Code   188  usartx.o(i.UART5_IRQHandler)
    USART1_IRQHandler                        0x08004471   Thumb Code   202  usartx.o(i.USART1_IRQHandler)
    USART2_IRQHandler                        0x08004571   Thumb Code   474  usartx.o(i.USART2_IRQHandler)
    USART3_IRQHandler                        0x080047a5   Thumb Code   190  usartx.o(i.USART3_IRQHandler)
    USART3_SEND                              0x0800489d   Thumb Code    22  usartx.o(i.USART3_SEND)
    USART_Cmd                                0x080048b9   Thumb Code    20  stm32f4xx_usart.o(i.USART_Cmd)
    USART_GetITStatus                        0x080048cd   Thumb Code    62  stm32f4xx_usart.o(i.USART_GetITStatus)
    USART_ITConfig                           0x0800490b   Thumb Code    48  stm32f4xx_usart.o(i.USART_ITConfig)
    USART_Init                               0x0800493d   Thumb Code   164  stm32f4xx_usart.o(i.USART_Init)
    USART_ReceiveData                        0x080049e9   Thumb Code     8  stm32f4xx_usart.o(i.USART_ReceiveData)
    UsageFault_Handler                       0x080049f1   Thumb Code     2  stm32f4xx_it.o(i.UsageFault_Handler)
    Vz_to_Akm_Angle                          0x080049f5   Thumb Code   156  usartx.o(i.Vz_to_Akm_Angle)
    XYZ_Target_Speed_transition              0x08004aa1   Thumb Code    74  usartx.o(i.XYZ_Target_Speed_transition)
    __ARM_fpclassify                         0x08004af5   Thumb Code    48  fpclassify.o(i.__ARM_fpclassify)
    __hardfp_atan                            0x08004b29   Thumb Code   622  atan.o(i.__hardfp_atan)
    __hardfp_pow                             0x08004e01   Thumb Code  3072  pow.o(i.__hardfp_pow)
    __hardfp_sqrt                            0x08005a51   Thumb Code   122  sqrt.o(i.__hardfp_sqrt)
    __hardfp_tan                             0x08005ad1   Thumb Code   108  tan.o(i.__hardfp_tan)
    __ieee754_rem_pio2                       0x08005b51   Thumb Code   938  rred.o(i.__ieee754_rem_pio2)
    __kernel_poly                            0x08005f89   Thumb Code   248  poly.o(i.__kernel_poly)
    __kernel_tan                             0x08006081   Thumb Code   764  tan_i.o(i.__kernel_tan)
    __mathlib_dbl_divzero                    0x080063d1   Thumb Code    28  dunder.o(i.__mathlib_dbl_divzero)
    __mathlib_dbl_infnan                     0x08006401   Thumb Code    20  dunder.o(i.__mathlib_dbl_infnan)
    __mathlib_dbl_infnan2                    0x08006415   Thumb Code    20  dunder.o(i.__mathlib_dbl_infnan2)
    __mathlib_dbl_invalid                    0x08006429   Thumb Code    24  dunder.o(i.__mathlib_dbl_invalid)
    __mathlib_dbl_overflow                   0x08006449   Thumb Code    24  dunder.o(i.__mathlib_dbl_overflow)
    __mathlib_dbl_underflow                  0x08006469   Thumb Code    24  dunder.o(i.__mathlib_dbl_underflow)
    _sys_exit                                0x08006489   Thumb Code     2  usart.o(i._sys_exit)
    click_N_Double_MPU6050                   0x0800648d   Thumb Code   132  key.o(i.click_N_Double_MPU6050)
    data_task                                0x08006519   Thumb Code    26  usartx.o(i.data_task)
    data_transition                          0x08006535   Thumb Code   682  usartx.o(i.data_transition)
    delay_init                               0x0800683d   Thumb Code    50  delay.o(i.delay_init)
    delay_ms                                 0x08006875   Thumb Code    52  delay.o(i.delay_ms)
    delay_us                                 0x080068ad   Thumb Code    48  delay.o(i.delay_us)
    fabs                                     0x080068e1   Thumb Code    24  fabs.o(i.fabs)
    float_abs                                0x080068f9   Thumb Code    16  balance.o(i.float_abs)
    fputc                                    0x08006909   Thumb Code    18  usart.o(i.fputc)
    getSysTickCnt                            0x08006921   Thumb Code    24  delay.o(i.getSysTickCnt)
    led_task                                 0x0800693d   Thumb Code    22  led.o(i.led_task)
    main                                     0x0800695d   Thumb Code    34  main.o(i.main)
    oled_pow                                 0x08006995   Thumb Code    16  oled.o(i.oled_pow)
    oled_show                                0x080069a5   Thumb Code  2044  show.o(i.oled_show)
    pstwo_task                               0x08007a8d   Thumb Code    22  pstwo.o(i.pstwo_task)
    pvPortMalloc                             0x08007aa5   Thumb Code   214  heap_4.o(i.pvPortMalloc)
    pvTaskIncrementMutexHeldCount            0x08007bb9   Thumb Code    18  tasks.o(i.pvTaskIncrementMutexHeldCount)
    pxPortInitialiseStack                    0x08007bd1   Thumb Code    40  port.o(i.pxPortInitialiseStack)
    show_task                                0x08007bfd   Thumb Code   262  show.o(i.show_task)
    sqrt                                     0x08007d35   Thumb Code   110  sqrt.o(i.sqrt)
    start_task                               0x08007da5   Thumb Code   132  main.o(i.start_task)
    systemInit                               0x08007e95   Thumb Code   144  system.o(i.systemInit)
    target_limit_float                       0x08007f25   Thumb Code    32  balance.o(i.target_limit_float)
    target_limit_int                         0x08007f45   Thumb Code    16  balance.o(i.target_limit_int)
    uart2_init                               0x08007f55   Thumb Code   160  usartx.o(i.uart2_init)
    uart3_init                               0x08007ffd   Thumb Code   168  usartx.o(i.uart3_init)
    usart3_send                              0x080080ad   Thumb Code    14  usartx.o(i.usart3_send)
    uxListRemove                             0x080080c1   Thumb Code    36  list.o(i.uxListRemove)
    vListInitialise                          0x080080e5   Thumb Code    22  list.o(i.vListInitialise)
    vListInitialiseItem                      0x080080fb   Thumb Code     6  list.o(i.vListInitialiseItem)
    vListInsert                              0x08008101   Thumb Code    48  list.o(i.vListInsert)
    vListInsertEnd                           0x08008131   Thumb Code    24  list.o(i.vListInsertEnd)
    vPortEnterCritical                       0x08008149   Thumb Code    50  port.o(i.vPortEnterCritical)
    vPortExitCritical                        0x080081c1   Thumb Code    34  port.o(i.vPortExitCritical)
    vPortFree                                0x08008225   Thumb Code    94  heap_4.o(i.vPortFree)
    vPortSetupTimerInterrupt                 0x080082c1   Thumb Code    26  port.o(i.vPortSetupTimerInterrupt)
    vPortValidateInterruptPriority           0x080082e1   Thumb Code    70  port.o(i.vPortValidateInterruptPriority)
    vQueueAddToRegistry                      0x0800836d   Thumb Code    32  queue.o(i.vQueueAddToRegistry)
    vQueueWaitForMessageRestricted           0x08008391   Thumb Code    68  queue.o(i.vQueueWaitForMessageRestricted)
    vTaskDelay                               0x080083d5   Thumb Code    62  tasks.o(i.vTaskDelay)
    vTaskDelayUntil                          0x08008441   Thumb Code   128  tasks.o(i.vTaskDelayUntil)
    vTaskDelete                              0x080084ed   Thumb Code   152  tasks.o(i.vTaskDelete)
    vTaskMissedYield                         0x080085b9   Thumb Code     8  tasks.o(i.vTaskMissedYield)
    vTaskPlaceOnEventList                    0x080085c5   Thumb Code    44  tasks.o(i.vTaskPlaceOnEventList)
    vTaskPlaceOnEventListRestricted          0x08008619   Thumb Code    52  tasks.o(i.vTaskPlaceOnEventListRestricted)
    vTaskPriorityInherit                     0x08008675   Thumb Code   124  tasks.o(i.vTaskPriorityInherit)
    vTaskSetTimeOutState                     0x080086f9   Thumb Code    30  tasks.o(i.vTaskSetTimeOutState)
    vTaskStartScheduler                      0x08008741   Thumb Code    96  tasks.o(i.vTaskStartScheduler)
    vTaskSuspendAll                          0x080087d5   Thumb Code    10  tasks.o(i.vTaskSuspendAll)
    vTaskSwitchContext                       0x080087e5   Thumb Code    80  tasks.o(i.vTaskSwitchContext)
    xPortStartScheduler                      0x08008861   Thumb Code   196  port.o(i.xPortStartScheduler)
    xPortSysTickHandler                      0x08008975   Thumb Code    38  port.o(i.xPortSysTickHandler)
    xQueueGenericCreate                      0x080089a1   Thumb Code    82  queue.o(i.xQueueGenericCreate)
    xQueueGenericReceive                     0x08008a19   Thumb Code   348  queue.o(i.xQueueGenericReceive)
    xQueueGenericReset                       0x08008b9d   Thumb Code   128  queue.o(i.xQueueGenericReset)
    xQueueGenericSend                        0x08008c45   Thumb Code   350  queue.o(i.xQueueGenericSend)
    xQueueGenericSendFromISR                 0x08008dcd   Thumb Code   188  queue.o(i.xQueueGenericSendFromISR)
    xTaskCheckForTimeOut                     0x08008ead   Thumb Code    94  tasks.o(i.xTaskCheckForTimeOut)
    xTaskCreate                              0x08008f35   Thumb Code    86  tasks.o(i.xTaskCreate)
    xTaskGetSchedulerState                   0x08008f8d   Thumb Code    22  tasks.o(i.xTaskGetSchedulerState)
    xTaskGetTickCount                        0x08008fa9   Thumb Code     6  tasks.o(i.xTaskGetTickCount)
    xTaskIncrementTick                       0x08008fb5   Thumb Code   188  tasks.o(i.xTaskIncrementTick)
    xTaskPriorityDisinherit                  0x0800909d   Thumb Code   136  tasks.o(i.xTaskPriorityDisinherit)
    xTaskRemoveFromEventList                 0x08009151   Thumb Code   102  tasks.o(i.xTaskRemoveFromEventList)
    xTaskResumeAll                           0x080091e9   Thumb Code   180  tasks.o(i.xTaskResumeAll)
    xTimerCreate                             0x080092cd   Thumb Code    74  timers.o(i.xTimerCreate)
    xTimerCreateTimerTask                    0x08009341   Thumb Code    58  timers.o(i.xTimerCreateTimerTask)
    xTimerGenericCommand                     0x080093b5   Thumb Code    98  timers.o(i.xTimerGenericCommand)
    __aeabi_dneg                             0x08009445   Thumb Code     0  basic.o(x$fpl$basic)
    _dneg                                    0x08009445   Thumb Code     6  basic.o(x$fpl$basic)
    __aeabi_fneg                             0x0800944b   Thumb Code     0  basic.o(x$fpl$basic)
    _fneg                                    0x0800944b   Thumb Code     6  basic.o(x$fpl$basic)
    _dabs                                    0x08009451   Thumb Code     6  basic.o(x$fpl$basic)
    _fabs                                    0x08009457   Thumb Code     6  basic.o(x$fpl$basic)
    __aeabi_d2f                              0x0800945d   Thumb Code     0  d2f.o(x$fpl$d2f)
    _d2f                                     0x0800945d   Thumb Code    98  d2f.o(x$fpl$d2f)
    __aeabi_dadd                             0x080094c1   Thumb Code     0  daddsub_clz.o(x$fpl$dadd)
    _dadd                                    0x080094c1   Thumb Code   332  daddsub_clz.o(x$fpl$dadd)
    __fpl_dcheck_NaN1                        0x08009611   Thumb Code    10  dcheck1.o(x$fpl$dcheck1)
    __fpl_dcmp_Inf                           0x08009621   Thumb Code    24  dcmpi.o(x$fpl$dcmpinf)
    __aeabi_ddiv                             0x08009639   Thumb Code     0  ddiv.o(x$fpl$ddiv)
    _ddiv                                    0x08009639   Thumb Code   552  ddiv.o(x$fpl$ddiv)
    __aeabi_d2iz                             0x080098e9   Thumb Code     0  dfix.o(x$fpl$dfix)
    _dfix                                    0x080098e9   Thumb Code    94  dfix.o(x$fpl$dfix)
    __aeabi_i2d                              0x08009947   Thumb Code     0  dflt_clz.o(x$fpl$dflt)
    _dflt                                    0x08009947   Thumb Code    46  dflt_clz.o(x$fpl$dflt)
    __aeabi_ui2d                             0x08009975   Thumb Code     0  dflt_clz.o(x$fpl$dfltu)
    _dfltu                                   0x08009975   Thumb Code    38  dflt_clz.o(x$fpl$dfltu)
    __aeabi_cdcmple                          0x0800999d   Thumb Code     0  dleqf.o(x$fpl$dleqf)
    _dcmple                                  0x0800999d   Thumb Code   120  dleqf.o(x$fpl$dleqf)
    __fpl_dcmple_InfNaN                      0x080099ff   Thumb Code     0  dleqf.o(x$fpl$dleqf)
    __aeabi_dmul                             0x08009a15   Thumb Code     0  dmul.o(x$fpl$dmul)
    _dmul                                    0x08009a15   Thumb Code   332  dmul.o(x$fpl$dmul)
    __fpl_dnaninf                            0x08009b69   Thumb Code   156  dnaninf.o(x$fpl$dnaninf)
    __fpl_dretinf                            0x08009c05   Thumb Code    12  dretinf.o(x$fpl$dretinf)
    __aeabi_cdrcmple                         0x08009c11   Thumb Code     0  drleqf.o(x$fpl$drleqf)
    _drcmple                                 0x08009c11   Thumb Code   108  drleqf.o(x$fpl$drleqf)
    __aeabi_drsub                            0x08009c7d   Thumb Code     0  daddsub_clz.o(x$fpl$drsb)
    _drsb                                    0x08009c7d   Thumb Code    22  daddsub_clz.o(x$fpl$drsb)
    _dsqrt                                   0x08009c95   Thumb Code   404  dsqrt_umaal.o(x$fpl$dsqrt)
    __aeabi_dsub                             0x08009e2d   Thumb Code     0  daddsub_clz.o(x$fpl$dsub)
    _dsub                                    0x08009e2d   Thumb Code   464  daddsub_clz.o(x$fpl$dsub)
    __aeabi_f2d                              0x0800a001   Thumb Code     0  f2d.o(x$fpl$f2d)
    _f2d                                     0x0800a001   Thumb Code    86  f2d.o(x$fpl$f2d)
    __fpl_fnaninf                            0x0800a057   Thumb Code   140  fnaninf.o(x$fpl$fnaninf)
    _fp_init                                 0x0800a0e3   Thumb Code    10  fpinit.o(x$fpl$fpinit)
    __fplib_config_fpu_vfp                   0x0800a0eb   Thumb Code     0  fpinit.o(x$fpl$fpinit)
    __fplib_config_pureend_doubles           0x0800a0eb   Thumb Code     0  fpinit.o(x$fpl$fpinit)
    __fpl_fretinf                            0x0800a0ed   Thumb Code    10  fretinf.o(x$fpl$fretinf)
    __fpl_return_NaN                         0x0800a0f7   Thumb Code   100  retnan.o(x$fpl$retnan)
    __ARM_scalbn                             0x0800a15b   Thumb Code    92  scalbn.o(x$fpl$scalbn)
    __fpl_cmpreturn                          0x0800a1b7   Thumb Code    48  trapv.o(x$fpl$trapveneer)
    __I$use$fp                               0x0800a1e6   Number         0  usenofp.o(x$fpl$usenofp)
    oled_asc2_1206                           0x0800a1e6   Data        1140  oled.o(.constdata)
    oled_asc2_1608                           0x0800a65a   Data        1520  oled.o(.constdata)
    Hzk16                                    0x0800ac4a   Data        2624  oled.o(.constdata)
    __mathlib_zero                           0x0800b7b0   Data           8  qnan.o(.constdata)
    Region$$Table$$Base                      0x0800b8e0   Number         0  anon$$obj.o(Region$$Table)
    Region$$Table$$Limit                     0x0800b900   Number         0  anon$$obj.o(Region$$Table)
    StartTask_Handler                        0x20000000   Data           4  main.o(.data)
    SystemCoreClock                          0x20000004   Data           4  system_stm32f4xx.o(.data)
    AHBPrescTable                            0x20000008   Data          16  system_stm32f4xx.o(.data)
    Smoke_Value                              0x20000018   Data           2  adc.o(.data)
    Voltage                                  0x2000001c   Data           4  adc.o(.data)
    Voltage_All                              0x20000020   Data           4  adc.o(.data)
    Led_Count                                0x20000038   Data           4  led.o(.data)
    DHT11_Temp                               0x20000040   Data           1  led.o(.data)
    DHT11_Humi                               0x20000041   Data           1  led.o(.data)
    Comd                                     0x20000044   Data           2  pstwo.o(.data)
    Handkey                                  0x20000046   Data           2  pstwo.o(.data)
    MASK                                     0x2000004c   Data          32  pstwo.o(.data)
    TIM8CH1_CAPTURE_STA                      0x2000006c   Data           1  timer.o(.data)
    TIM8CH2_CAPTURE_STA                      0x2000006d   Data           1  timer.o(.data)
    TIM8CH3_CAPTURE_STA                      0x2000006e   Data           1  timer.o(.data)
    TIM8CH4_CAPTURE_STA                      0x2000006f   Data           1  timer.o(.data)
    TIM8CH1_CAPTURE_UPVAL                    0x20000070   Data           2  timer.o(.data)
    TIM8CH1_CAPTURE_DOWNVAL                  0x20000072   Data           2  timer.o(.data)
    TIM8CH2_CAPTURE_UPVAL                    0x20000074   Data           2  timer.o(.data)
    TIM8CH2_CAPTURE_DOWNVAL                  0x20000076   Data           2  timer.o(.data)
    TIM8CH3_CAPTURE_UPVAL                    0x20000078   Data           2  timer.o(.data)
    TIM8CH3_CAPTURE_DOWNVAL                  0x2000007a   Data           2  timer.o(.data)
    TIM8CH4_CAPTURE_UPVAL                    0x2000007c   Data           2  timer.o(.data)
    TIM8CH4_CAPTURE_DOWNVAL                  0x2000007e   Data           2  timer.o(.data)
    Remoter_Ch1                              0x20000080   Data           4  timer.o(.data)
    Remoter_Ch2                              0x20000084   Data           4  timer.o(.data)
    Remoter_Ch3                              0x20000088   Data           4  timer.o(.data)
    Remoter_Ch4                              0x2000008c   Data           4  timer.o(.data)
    L_Remoter_Ch1                            0x20000090   Data           4  timer.o(.data)
    L_Remoter_Ch2                            0x20000094   Data           4  timer.o(.data)
    L_Remoter_Ch3                            0x20000098   Data           4  timer.o(.data)
    L_Remoter_Ch4                            0x2000009c   Data           4  timer.o(.data)
    TIM8_T1                                  0x200000a0   Data           4  timer.o(.data)
    TIM8_T2                                  0x200000a4   Data           4  timer.o(.data)
    TIM8_T3                                  0x200000a8   Data           4  timer.o(.data)
    TIM8_T4                                  0x200000ac   Data           4  timer.o(.data)
    __stdout                                 0x200000c4   Data           4  usart.o(.data)
    pxCurrentTCB                             0x200000d8   Data           4  tasks.o(.data)
    Flag_Stop                                0x2000014c   Data           1  system.o(.data)
    Car_Mode                                 0x2000014d   Data           1  system.o(.data)
    RC_Velocity                              0x20000150   Data           4  system.o(.data)
    Velocity_KP                              0x20000154   Data           4  system.o(.data)
    Velocity_KI                              0x20000158   Data           4  system.o(.data)
    PS2_ON_Flag                              0x2000015c   Data           1  system.o(.data)
    APP_ON_Flag                              0x2000015d   Data           1  system.o(.data)
    Remote_ON_Flag                           0x2000015e   Data           1  system.o(.data)
    CAN_ON_Flag                              0x2000015f   Data           1  system.o(.data)
    Usart1_ON_Flag                           0x20000160   Data           1  system.o(.data)
    Usart5_ON_Flag                           0x20000161   Data           1  system.o(.data)
    Flag_Direction                           0x20000162   Data           1  system.o(.data)
    Check                                    0x20000164   Data           4  system.o(.data)
    CheckPhrase1                             0x20000168   Data           4  system.o(.data)
    CheckPhrase2                             0x2000016c   Data           4  system.o(.data)
    Divisor_Mode                             0x20000170   Data           4  system.o(.data)
    Servo                                    0x20000174   Data           4  system.o(.data)
    Move_X                                   0x20000178   Data           4  system.o(.data)
    Move_Y                                   0x2000017c   Data           4  system.o(.data)
    Move_Z                                   0x20000180   Data           4  system.o(.data)
    Encoder_precision                        0x20000184   Data           4  system.o(.data)
    Wheel_perimeter                          0x20000188   Data           4  system.o(.data)
    Wheel_spacing                            0x2000018c   Data           4  system.o(.data)
    Axle_spacing                             0x20000190   Data           4  system.o(.data)
    Omni_turn_radiaus                        0x20000194   Data           4  system.o(.data)
    Flag_Left                                0x20000198   Data           1  system.o(.data)
    Flag_Right                               0x20000199   Data           1  system.o(.data)
    Turn_Flag                                0x2000019a   Data           1  system.o(.data)
    PID_Send                                 0x2000019b   Data           1  system.o(.data)
    PS2_LX                                   0x2000019c   Data           4  system.o(.data)
    PS2_LY                                   0x200001a0   Data           4  system.o(.data)
    PS2_RX                                   0x200001a4   Data           4  system.o(.data)
    PS2_RY                                   0x200001a8   Data           4  system.o(.data)
    PS2_KEY                                  0x200001ac   Data           4  system.o(.data)
    Time_count                               0x200001b4   Data           4  balance.o(.data)
    robot_mode_check_flag                    0x200001b8   Data           4  balance.o(.data)
    Buzzer_count                             0x200001f0   Data           4  show.o(.data)
    Voltage_Show                             0x20000200   Data           4  show.o(.data)
    Deviation_Count                          0x20000204   Data           4  mpu6050.o(.data)
    gyro                                     0x20000208   Data           6  mpu6050.o(.data)
    accel                                    0x2000020e   Data           6  mpu6050.o(.data)
    Deviation_gyro                           0x20000214   Data           6  mpu6050.o(.data)
    Original_gyro                            0x2000021a   Data           6  mpu6050.o(.data)
    Deviation_accel                          0x20000220   Data           6  mpu6050.o(.data)
    Original_accel                           0x20000226   Data           6  mpu6050.o(.data)
    OLED_GRAM                                0x2000022c   Data        1024  oled.o(.bss)
    Data                                     0x2000062c   Data           9  pstwo.o(.bss)
    Send_Data                                0x20000676   Data          58  usartx.o(.bss)
    Receive_Data                             0x200006b0   Data          32  usartx.o(.bss)
    xQueueRegistry                           0x200006d0   Data          64  queue.o(.bss)
    smooth_control                           0x20005a1c   Data          12  system.o(.bss)
    MOTOR_A                                  0x20005a28   Data          20  system.o(.bss)
    MOTOR_B                                  0x20005a3c   Data          20  system.o(.bss)
    MOTOR_C                                  0x20005a50   Data          20  system.o(.bss)
    MOTOR_D                                  0x20005a64   Data          20  system.o(.bss)
    OriginalEncoder                          0x20005a78   Data          16  balance.o(.bss)
    Robot_Parament                           0x20005a88   Data          24  robot_select_init.o(.bss)
    __libspace_start                         0x20005aa0   Data          96  libspace.o(.bss)
    __temporary_stack_top$libspace           0x20005b00   Data           0  libspace.o(.bss)



==============================================================================

Memory Map of the image

  Image Entry point : 0x08000189

  Load Region LR_IROM1 (Base: 0x08000000, Size: 0x0000bb2c, Max: 0x00100000, ABSOLUTE, COMPRESSED[0x0000b95c])

    Execution Region ER_IROM1 (Exec base: 0x08000000, Load base: 0x08000000, Size: 0x0000b900, Max: 0x00100000, ABSOLUTE)

    Exec Addr    Load Addr    Size         Type   Attr      Idx    E Section Name        Object

    0x08000000   0x08000000   0x00000188   Data   RO         1307    RESET               startup_stm32f40_41xxx.o
    0x08000188   0x08000188   0x00000008   Code   RO         4707  * !!!main             c_w.l(__main.o)
    0x08000190   0x08000190   0x00000034   Code   RO         5035    !!!scatter          c_w.l(__scatter.o)
    0x080001c4   0x080001c4   0x0000005a   Code   RO         5033    !!dczerorl2         c_w.l(__dczerorl2.o)
    0x0800021e   0x0800021e   0x00000002   PAD
    0x08000220   0x08000220   0x0000001c   Code   RO         5037    !!handler_zi        c_w.l(__scatter_zi.o)
    0x0800023c   0x0800023c   0x00000000   Code   RO         4694    .ARM.Collect$$_printf_percent$$00000000  c_w.l(_printf_percent.o)
    0x0800023c   0x0800023c   0x00000006   Code   RO         4692    .ARM.Collect$$_printf_percent$$00000009  c_w.l(_printf_d.o)
    0x08000242   0x08000242   0x00000006   Code   RO         4691    .ARM.Collect$$_printf_percent$$00000014  c_w.l(_printf_s.o)
    0x08000248   0x08000248   0x00000004   Code   RO         4802    .ARM.Collect$$_printf_percent$$00000017  c_w.l(_printf_percent_end.o)
    0x0800024c   0x0800024c   0x00000002   Code   RO         4904    .ARM.Collect$$libinit$$00000000  c_w.l(libinit.o)
    0x0800024e   0x0800024e   0x00000004   Code   RO         4909    .ARM.Collect$$libinit$$00000001  c_w.l(libinit2.o)
    0x08000252   0x08000252   0x00000000   Code   RO         4912    .ARM.Collect$$libinit$$00000004  c_w.l(libinit2.o)
    0x08000252   0x08000252   0x00000000   Code   RO         4915    .ARM.Collect$$libinit$$0000000A  c_w.l(libinit2.o)
    0x08000252   0x08000252   0x00000000   Code   RO         4917    .ARM.Collect$$libinit$$0000000C  c_w.l(libinit2.o)
    0x08000252   0x08000252   0x00000000   Code   RO         4919    .ARM.Collect$$libinit$$0000000E  c_w.l(libinit2.o)
    0x08000252   0x08000252   0x00000000   Code   RO         4922    .ARM.Collect$$libinit$$00000011  c_w.l(libinit2.o)
    0x08000252   0x08000252   0x00000000   Code   RO         4924    .ARM.Collect$$libinit$$00000013  c_w.l(libinit2.o)
    0x08000252   0x08000252   0x00000000   Code   RO         4926    .ARM.Collect$$libinit$$00000015  c_w.l(libinit2.o)
    0x08000252   0x08000252   0x00000000   Code   RO         4928    .ARM.Collect$$libinit$$00000017  c_w.l(libinit2.o)
    0x08000252   0x08000252   0x00000000   Code   RO         4930    .ARM.Collect$$libinit$$00000019  c_w.l(libinit2.o)
    0x08000252   0x08000252   0x00000000   Code   RO         4932    .ARM.Collect$$libinit$$0000001B  c_w.l(libinit2.o)
    0x08000252   0x08000252   0x00000000   Code   RO         4934    .ARM.Collect$$libinit$$0000001D  c_w.l(libinit2.o)
    0x08000252   0x08000252   0x00000000   Code   RO         4936    .ARM.Collect$$libinit$$0000001F  c_w.l(libinit2.o)
    0x08000252   0x08000252   0x00000000   Code   RO         4938    .ARM.Collect$$libinit$$00000021  c_w.l(libinit2.o)
    0x08000252   0x08000252   0x00000000   Code   RO         4940    .ARM.Collect$$libinit$$00000023  c_w.l(libinit2.o)
    0x08000252   0x08000252   0x00000000   Code   RO         4942    .ARM.Collect$$libinit$$00000025  c_w.l(libinit2.o)
    0x08000252   0x08000252   0x00000000   Code   RO         4946    .ARM.Collect$$libinit$$0000002C  c_w.l(libinit2.o)
    0x08000252   0x08000252   0x00000000   Code   RO         4948    .ARM.Collect$$libinit$$0000002E  c_w.l(libinit2.o)
    0x08000252   0x08000252   0x00000000   Code   RO         4950    .ARM.Collect$$libinit$$00000030  c_w.l(libinit2.o)
    0x08000252   0x08000252   0x00000000   Code   RO         4952    .ARM.Collect$$libinit$$00000032  c_w.l(libinit2.o)
    0x08000252   0x08000252   0x00000002   Code   RO         4953    .ARM.Collect$$libinit$$00000033  c_w.l(libinit2.o)
    0x08000254   0x08000254   0x00000002   Code   RO         4973    .ARM.Collect$$libshutdown$$00000000  c_w.l(libshutdown.o)
    0x08000256   0x08000256   0x00000000   Code   RO         4983    .ARM.Collect$$libshutdown$$00000002  c_w.l(libshutdown2.o)
    0x08000256   0x08000256   0x00000000   Code   RO         4985    .ARM.Collect$$libshutdown$$00000004  c_w.l(libshutdown2.o)
    0x08000256   0x08000256   0x00000000   Code   RO         4987    .ARM.Collect$$libshutdown$$00000006  c_w.l(libshutdown2.o)
    0x08000256   0x08000256   0x00000000   Code   RO         4990    .ARM.Collect$$libshutdown$$00000009  c_w.l(libshutdown2.o)
    0x08000256   0x08000256   0x00000000   Code   RO         4993    .ARM.Collect$$libshutdown$$0000000C  c_w.l(libshutdown2.o)
    0x08000256   0x08000256   0x00000000   Code   RO         4995    .ARM.Collect$$libshutdown$$0000000E  c_w.l(libshutdown2.o)
    0x08000256   0x08000256   0x00000000   Code   RO         4998    .ARM.Collect$$libshutdown$$00000011  c_w.l(libshutdown2.o)
    0x08000256   0x08000256   0x00000002   Code   RO         4999    .ARM.Collect$$libshutdown$$00000012  c_w.l(libshutdown2.o)
    0x08000258   0x08000258   0x00000000   Code   RO         4789    .ARM.Collect$$rtentry$$00000000  c_w.l(__rtentry.o)
    0x08000258   0x08000258   0x00000000   Code   RO         4863    .ARM.Collect$$rtentry$$00000002  c_w.l(__rtentry2.o)
    0x08000258   0x08000258   0x00000006   Code   RO         4875    .ARM.Collect$$rtentry$$00000004  c_w.l(__rtentry4.o)
    0x0800025e   0x0800025e   0x00000000   Code   RO         4865    .ARM.Collect$$rtentry$$00000009  c_w.l(__rtentry2.o)
    0x0800025e   0x0800025e   0x00000004   Code   RO         4866    .ARM.Collect$$rtentry$$0000000A  c_w.l(__rtentry2.o)
    0x08000262   0x08000262   0x00000000   Code   RO         4868    .ARM.Collect$$rtentry$$0000000C  c_w.l(__rtentry2.o)
    0x08000262   0x08000262   0x00000008   Code   RO         4869    .ARM.Collect$$rtentry$$0000000D  c_w.l(__rtentry2.o)
    0x0800026a   0x0800026a   0x00000002   Code   RO         4907    .ARM.Collect$$rtexit$$00000000  c_w.l(rtexit.o)
    0x0800026c   0x0800026c   0x00000000   Code   RO         4957    .ARM.Collect$$rtexit$$00000002  c_w.l(rtexit2.o)
    0x0800026c   0x0800026c   0x00000004   Code   RO         4958    .ARM.Collect$$rtexit$$00000003  c_w.l(rtexit2.o)
    0x08000270   0x08000270   0x00000006   Code   RO         4959    .ARM.Collect$$rtexit$$00000004  c_w.l(rtexit2.o)
    0x08000276   0x08000276   0x00000002   PAD
    0x08000278   0x08000278   0x000000b6   Code   RO         4009    .emb_text           port.o
    0x0800032e   0x0800032e   0x00000002   PAD
    0x08000330   0x08000330   0x00000040   Code   RO         1308    .text               startup_stm32f40_41xxx.o
    0x08000370   0x08000370   0x00000002   Code   RO         4654    .text               c_w.l(use_no_semi_2.o)
    0x08000372   0x08000372   0x00000002   PAD
    0x08000374   0x08000374   0x00000018   Code   RO         4660    .text               c_w.l(noretval__2printf.o)
    0x0800038c   0x0800038c   0x00000068   Code   RO         4664    .text               c_w.l(__printf.o)
    0x080003f4   0x080003f4   0x00000052   Code   RO         4666    .text               c_w.l(_printf_str.o)
    0x08000446   0x08000446   0x00000002   PAD
    0x08000448   0x08000448   0x00000078   Code   RO         4668    .text               c_w.l(_printf_dec.o)
    0x080004c0   0x080004c0   0x0000008a   Code   RO         4699    .text               c_w.l(rt_memcpy_v6.o)
    0x0800054a   0x0800054a   0x00000010   Code   RO         4701    .text               c_w.l(aeabi_memset.o)
    0x0800055a   0x0800055a   0x00000044   Code   RO         4703    .text               c_w.l(rt_memclr.o)
    0x0800059e   0x0800059e   0x00000006   Code   RO         4705    .text               c_w.l(heapauxi.o)
    0x080005a4   0x080005a4   0x00000002   Code   RO         4787    .text               c_w.l(use_no_semi.o)
    0x080005a6   0x080005a6   0x00000016   Code   RO         4790    .text               c_w.l(_rserrno.o)
    0x080005bc   0x080005bc   0x000000b2   Code   RO         4792    .text               c_w.l(_printf_intcommon.o)
    0x0800066e   0x0800066e   0x00000002   PAD
    0x08000670   0x08000670   0x00000030   Code   RO         4794    .text               c_w.l(_printf_char_common.o)
    0x080006a0   0x080006a0   0x0000002c   Code   RO         4798    .text               c_w.l(_printf_char.o)
    0x080006cc   0x080006cc   0x00000024   Code   RO         4800    .text               c_w.l(_printf_char_file.o)
    0x080006f0   0x080006f0   0x00000064   Code   RO         4803    .text               c_w.l(rt_memcpy_w.o)
    0x08000754   0x08000754   0x0000004e   Code   RO         4805    .text               c_w.l(rt_memclr_w.o)
    0x080007a2   0x080007a2   0x00000002   PAD
    0x080007a4   0x080007a4   0x00000008   Code   RO         4880    .text               c_w.l(rt_errno_addr_intlibspace.o)
    0x080007ac   0x080007ac   0x00000008   Code   RO         4884    .text               c_w.l(ferror.o)
    0x080007b4   0x080007b4   0x00000008   Code   RO         4892    .text               c_w.l(libspace.o)
    0x080007bc   0x080007bc   0x0000004a   Code   RO         4895    .text               c_w.l(sys_stackheap_outer.o)
    0x08000806   0x08000806   0x00000012   Code   RO         4897    .text               c_w.l(exit.o)
    0x08000818   0x08000818   0x00000014   Code   RO         2040    i.ADC_Cmd           stm32f4xx_adc.o
    0x0800082c   0x0800082c   0x0000002c   Code   RO         2041    i.ADC_CommonInit    stm32f4xx_adc.o
    0x08000858   0x08000858   0x00000006   Code   RO         2052    i.ADC_GetConversionValue  stm32f4xx_adc.o
    0x0800085e   0x0800085e   0x0000000e   Code   RO         2053    i.ADC_GetFlagStatus  stm32f4xx_adc.o
    0x0800086c   0x0800086c   0x0000004c   Code   RO         2060    i.ADC_Init          stm32f4xx_adc.o
    0x080008b8   0x080008b8   0x00000074   Code   RO         2065    i.ADC_RegularChannelConfig  stm32f4xx_adc.o
    0x0800092c   0x0800092c   0x0000000a   Code   RO         2067    i.ADC_SoftwareStartConv  stm32f4xx_adc.o
    0x08000936   0x08000936   0x00000002   PAD
    0x08000938   0x08000938   0x00000138   Code   RO         4389    i.APP_Show          show.o
    0x08000a70   0x08000a70   0x00000080   Code   RO          382    i.Adc_Init          adc.o
    0x08000af0   0x08000af0   0x00000080   Code   RO          383    i.Adc_POWER_Init    adc.o
    0x08000b70   0x08000b70   0x00000028   Code   RO          384    i.Adc_Smoke_Init    adc.o
    0x08000b98   0x08000b98   0x00000230   Code   RO         4220    i.Balance_task      balance.o
    0x08000dc8   0x08000dc8   0x00000002   Code   RO          266    i.BusFault_Handler  stm32f4xx_it.o
    0x08000dca   0x08000dca   0x00000002   PAD
    0x08000dcc   0x08000dcc   0x00000034   Code   RO          653    i.Buzzer_Init       led.o
    0x08000e00   0x08000e00   0x000000f0   Code   RO          456    i.CAN1_RX0_IRQHandler  can.o
    0x08000ef0   0x08000ef0   0x00000094   Code   RO          458    i.CAN1_Rx_Msg       can.o
    0x08000f84   0x08000f84   0x00000038   Code   RO         1030    i.Check_Sum         usartx.o
    0x08000fbc   0x08000fbc   0x0000003c   Code   RO          654    i.DHT11_Init        led.o
    0x08000ff8   0x08000ff8   0x00000128   Code   RO          655    i.DHT11_Read_Data   led.o
    0x08001120   0x08001120   0x0000002c   Code   RO          656    i.DHT11_Wait        led.o
    0x0800114c   0x0800114c   0x00000002   Code   RO          267    i.DebugMon_Handler  stm32f4xx_it.o
    0x0800114e   0x0800114e   0x00000002   PAD
    0x08001150   0x08001150   0x000004b6   Code   RO         4221    i.Drive_Motor       balance.o
    0x08001606   0x08001606   0x00000002   PAD
    0x08001608   0x08001608   0x00000030   Code   RO          716    i.Enable_Pin        motor.o
    0x08001638   0x08001638   0x000000dc   Code   RO          528    i.Encoder_Init_TIM2  encoder.o
    0x08001714   0x08001714   0x000000bc   Code   RO          529    i.Encoder_Init_TIM3  encoder.o
    0x080017d0   0x080017d0   0x000000bc   Code   RO          530    i.Encoder_Init_TIM4  encoder.o
    0x0800188c   0x0800188c   0x000000bc   Code   RO          531    i.Encoder_Init_TIM5  encoder.o
    0x08001948   0x08001948   0x00000078   Code   RO         1359    i.GPIO_Init         stm32f4xx_gpio.o
    0x080019c0   0x080019c0   0x00000020   Code   RO         1360    i.GPIO_PinAFConfig  stm32f4xx_gpio.o
    0x080019e0   0x080019e0   0x00000004   Code   RO         1367    i.GPIO_SetBits      stm32f4xx_gpio.o
    0x080019e4   0x080019e4   0x00000030   Code   RO          385    i.Get_Adc           adc.o
    0x08001a14   0x08001a14   0x00000030   Code   RO          386    i.Get_Adc2          adc.o
    0x08001a44   0x08001a44   0x000001c8   Code   RO         4222    i.Get_RC            balance.o
    0x08001c0c   0x08001c0c   0x00000006   Code   RO          387    i.Get_Smoke_Value   adc.o
    0x08001c12   0x08001c12   0x00000002   PAD
    0x08001c14   0x08001c14   0x00000118   Code   RO         4223    i.Get_Velocity_Form_Encoder  balance.o
    0x08001d2c   0x08001d2c   0x0000002e   Code   RO          388    i.Get_adc_Average   adc.o
    0x08001d5a   0x08001d5a   0x00000002   PAD
    0x08001d5c   0x08001d5c   0x00000068   Code   RO          389    i.Get_battery_volt  adc.o
    0x08001dc4   0x08001dc4   0x00000002   Code   RO          268    i.HardFault_Handler  stm32f4xx_it.o
    0x08001dc6   0x08001dc6   0x00000002   PAD
    0x08001dc8   0x08001dc8   0x00000040   Code   RO         4552    i.I2C_Ack           i2c.o
    0x08001e08   0x08001e08   0x00000044   Code   RO         4553    i.I2C_GPIOInit      i2c.o
    0x08001e4c   0x08001e4c   0x00000040   Code   RO         4554    i.I2C_NAck          i2c.o
    0x08001e8c   0x08001e8c   0x00000070   Code   RO         4556    i.I2C_ReadByte      i2c.o
    0x08001efc   0x08001efc   0x0000003e   Code   RO         4557    i.I2C_ReadOneByte   i2c.o
    0x08001f3a   0x08001f3a   0x00000002   PAD
    0x08001f3c   0x08001f3c   0x00000050   Code   RO         4558    i.I2C_Start         i2c.o
    0x08001f8c   0x08001f8c   0x00000040   Code   RO         4559    i.I2C_Stop          i2c.o
    0x08001fcc   0x08001fcc   0x00000054   Code   RO         4560    i.I2C_WaiteForAck   i2c.o
    0x08002020   0x08002020   0x0000004a   Code   RO         4561    i.I2C_WriteBits     i2c.o
    0x0800206a   0x0800206a   0x00000002   PAD
    0x0800206c   0x0800206c   0x00000060   Code   RO         4563    i.I2C_WriteByte     i2c.o
    0x080020cc   0x080020cc   0x00000032   Code   RO         4565    i.I2C_WriteOneByte  i2c.o
    0x080020fe   0x080020fe   0x00000002   PAD
    0x08002100   0x08002100   0x0000007c   Code   RO         4224    i.Incremental_PI_A  balance.o
    0x0800217c   0x0800217c   0x0000007c   Code   RO         4225    i.Incremental_PI_B  balance.o
    0x080021f8   0x080021f8   0x0000007c   Code   RO         4226    i.Incremental_PI_C  balance.o
    0x08002274   0x08002274   0x0000007c   Code   RO         4227    i.Incremental_PI_D  balance.o
    0x080022f0   0x080022f0   0x0000002c   Code   RO          603    i.KEY_Init          key.o
    0x0800231c   0x0800231c   0x00000038   Code   RO         4228    i.Key               balance.o
    0x08002354   0x08002354   0x00000040   Code   RO          657    i.LED_Init          led.o
    0x08002394   0x08002394   0x00000090   Code   RO         4229    i.Limit_Pwm         balance.o
    0x08002424   0x08002424   0x00000032   Code   RO         4427    i.MPU6050_Set_LPF   mpu6050.o
    0x08002456   0x08002456   0x00000030   Code   RO         4428    i.MPU6050_Set_Rate  mpu6050.o
    0x08002486   0x08002486   0x00000084   Code   RO         4430    i.MPU6050_initialize  mpu6050.o
    0x0800250a   0x0800250a   0x00000012   Code   RO         4433    i.MPU6050_setFullScaleAccelRange  mpu6050.o
    0x0800251c   0x0800251c   0x00000012   Code   RO         4434    i.MPU6050_setFullScaleGyroRange  mpu6050.o
    0x0800252e   0x0800252e   0x00000002   PAD
    0x08002530   0x08002530   0x00000040   Code   RO         4438    i.MPU6050_task      mpu6050.o
    0x08002570   0x08002570   0x00000088   Code   RO         4440    i.MPU_Get_Accelscope  mpu6050.o
    0x080025f8   0x080025f8   0x000000a4   Code   RO         4441    i.MPU_Get_Gyroscope  mpu6050.o
    0x0800269c   0x0800269c   0x00000002   Code   RO          269    i.MemManage_Handler  stm32f4xx_it.o
    0x0800269e   0x0800269e   0x00000002   Code   RO          270    i.NMI_Handler       stm32f4xx_it.o
    0x080026a0   0x080026a0   0x00000064   Code   RO         1314    i.NVIC_Init         misc.o
    0x08002704   0x08002704   0x00000014   Code   RO         1315    i.NVIC_PriorityGroupConfig  misc.o
    0x08002718   0x08002718   0x0000002c   Code   RO          760    i.OLED_Clear        oled.o
    0x08002744   0x08002744   0x0000003c   Code   RO          763    i.OLED_DrawPoint    oled.o
    0x08002780   0x08002780   0x00000130   Code   RO          764    i.OLED_Init         oled.o
    0x080028b0   0x080028b0   0x00000048   Code   RO          765    i.OLED_Refresh_Gram  oled.o
    0x080028f8   0x080028f8   0x00000084   Code   RO          768    i.OLED_ShowChar     oled.o
    0x0800297c   0x0800297c   0x00000078   Code   RO          769    i.OLED_ShowNumber   oled.o
    0x080029f4   0x080029f4   0x0000003e   Code   RO          770    i.OLED_ShowString   oled.o
    0x08002a32   0x08002a32   0x00000002   PAD
    0x08002a34   0x08002a34   0x00000044   Code   RO          771    i.OLED_WR_Byte      oled.o
    0x08002a78   0x08002a78   0x00000018   Code   RO          858    i.PS2_ClearData     pstwo.o
    0x08002a90   0x08002a90   0x00000084   Code   RO          859    i.PS2_Cmd           pstwo.o
    0x08002b14   0x08002b14   0x00000040   Code   RO          860    i.PS2_DataKey       pstwo.o
    0x08002b54   0x08002b54   0x0000005c   Code   RO          861    i.PS2_EnterConfing  pstwo.o
    0x08002bb0   0x08002bb0   0x0000005c   Code   RO          862    i.PS2_ExitConfing   pstwo.o
    0x08002c0c   0x08002c0c   0x00000054   Code   RO          863    i.PS2_Init          pstwo.o
    0x08002c60   0x08002c60   0x000000d8   Code   RO          864    i.PS2_Read          pstwo.o
    0x08002d38   0x08002d38   0x000000a8   Code   RO          865    i.PS2_ReadData      pstwo.o
    0x08002de0   0x08002de0   0x0000001e   Code   RO          868    i.PS2_SetInit       pstwo.o
    0x08002dfe   0x08002dfe   0x00000002   PAD
    0x08002e00   0x08002e00   0x00000044   Code   RO          869    i.PS2_ShortPoll     pstwo.o
    0x08002e44   0x08002e44   0x00000058   Code   RO          870    i.PS2_TurnOnAnalogMode  pstwo.o
    0x08002e9c   0x08002e9c   0x000001e0   Code   RO         4230    i.PS2_control       balance.o
    0x0800307c   0x0800307c   0x0000000c   Code   RO         2986    i.PWR_BackupAccessCmd  stm32f4xx_pwr.o
    0x08003088   0x08003088   0x00000018   Code   RO         1456    i.RCC_AHB1PeriphClockCmd  stm32f4xx_rcc.o
    0x080030a0   0x080030a0   0x00000018   Code   RO         1465    i.RCC_APB1PeriphClockCmd  stm32f4xx_rcc.o
    0x080030b8   0x080030b8   0x00000018   Code   RO         1468    i.RCC_APB2PeriphClockCmd  stm32f4xx_rcc.o
    0x080030d0   0x080030d0   0x00000018   Code   RO         1470    i.RCC_APB2PeriphResetCmd  stm32f4xx_rcc.o
    0x080030e8   0x080030e8   0x00000090   Code   RO         1477    i.RCC_GetClocksFreq  stm32f4xx_rcc.o
    0x08003178   0x08003178   0x0000001c   Code   RO         1486    i.RCC_LSEConfig     stm32f4xx_rcc.o
    0x08003194   0x08003194   0x00000040   Code   RO          532    i.Read_Encoder      encoder.o
    0x080031d4   0x080031d4   0x000001c8   Code   RO         4231    i.Remote_Control    balance.o
    0x0800339c   0x0800339c   0x00000098   Code   RO         4360    i.Robot_Init        robot_select_init.o
    0x08003434   0x08003434   0x00000144   Code   RO         4361    i.Robot_Select      robot_select_init.o
    0x08003578   0x08003578   0x000000b4   Code   RO          345    i.SetSysClock       system_stm32f4xx.o
    0x0800362c   0x0800362c   0x00000074   Code   RO         4232    i.Set_Pwm           balance.o
    0x080036a0   0x080036a0   0x00000140   Code   RO         4233    i.Smooth_control    balance.o
    0x080037e0   0x080037e0   0x00000018   Code   RO         1318    i.SysTick_CLKSourceConfig  misc.o
    0x080037f8   0x080037f8   0x00000014   Code   RO         1186    i.SysTick_Handler   delay.o
    0x0800380c   0x0800380c   0x0000005c   Code   RO          347    i.SystemInit        system_stm32f4xx.o
    0x08003868   0x08003868   0x0000002e   Code   RO         2439    i.TI1_Config        stm32f4xx_tim.o
    0x08003896   0x08003896   0x00000036   Code   RO         2440    i.TI2_Config        stm32f4xx_tim.o
    0x080038cc   0x080038cc   0x000000a0   Code   RO          717    i.TIM10_PWM_Init    motor.o
    0x0800396c   0x0800396c   0x000000a8   Code   RO          718    i.TIM11_PWM_Init    motor.o
    0x08003a14   0x08003a14   0x000000f8   Code   RO          719    i.TIM1_PWM_Init     motor.o
    0x08003b0c   0x08003b0c   0x00000010   Code   RO          533    i.TIM2_IRQHandler   encoder.o
    0x08003b1c   0x08003b1c   0x00000014   Code   RO          534    i.TIM3_IRQHandler   encoder.o
    0x08003b30   0x08003b30   0x00000014   Code   RO          535    i.TIM4_IRQHandler   encoder.o
    0x08003b44   0x08003b44   0x00000014   Code   RO          536    i.TIM5_IRQHandler   encoder.o
    0x08003b58   0x08003b58   0x00000014   Code   RO          537    i.TIM8_BRK_TIM12_IRQHandler  encoder.o
    0x08003b6c   0x08003b6c   0x00000264   Code   RO          980    i.TIM8_CC_IRQHandler  timer.o
    0x08003dd0   0x08003dd0   0x00000010   Code   RO          983    i.TIM8_UP_TIM13_IRQHandler  timer.o
    0x08003de0   0x08003de0   0x000000b8   Code   RO          720    i.TIM9_PWM_Init     motor.o
    0x08003e98   0x08003e98   0x00000014   Code   RO         2441    i.TIM_ARRPreloadConfig  stm32f4xx_tim.o
    0x08003eac   0x08003eac   0x00000006   Code   RO         2447    i.TIM_ClearFlag     stm32f4xx_tim.o
    0x08003eb2   0x08003eb2   0x00000006   Code   RO         2448    i.TIM_ClearITPendingBit  stm32f4xx_tim.o
    0x08003eb8   0x08003eb8   0x00000014   Code   RO         2453    i.TIM_Cmd           stm32f4xx_tim.o
    0x08003ecc   0x08003ecc   0x00000016   Code   RO         2455    i.TIM_CtrlPWMOutputs  stm32f4xx_tim.o
    0x08003ee2   0x08003ee2   0x00000032   Code   RO         2462    i.TIM_EncoderInterfaceConfig  stm32f4xx_tim.o
    0x08003f14   0x08003f14   0x00000004   Code   RO         2468    i.TIM_GetCapture1   stm32f4xx_tim.o
    0x08003f18   0x08003f18   0x00000004   Code   RO         2469    i.TIM_GetCapture2   stm32f4xx_tim.o
    0x08003f1c   0x08003f1c   0x00000004   Code   RO         2470    i.TIM_GetCapture3   stm32f4xx_tim.o
    0x08003f20   0x08003f20   0x00000004   Code   RO         2471    i.TIM_GetCapture4   stm32f4xx_tim.o
    0x08003f24   0x08003f24   0x00000018   Code   RO         2474    i.TIM_GetITStatus   stm32f4xx_tim.o
    0x08003f3c   0x08003f3c   0x000000ac   Code   RO         2476    i.TIM_ICInit        stm32f4xx_tim.o
    0x08003fe8   0x08003fe8   0x00000010   Code   RO         2477    i.TIM_ICStructInit  stm32f4xx_tim.o
    0x08003ff8   0x08003ff8   0x00000010   Code   RO         2478    i.TIM_ITConfig      stm32f4xx_tim.o
    0x08004008   0x08004008   0x00000060   Code   RO         2482    i.TIM_OC1Init       stm32f4xx_tim.o
    0x08004068   0x08004068   0x0000000c   Code   RO         2484    i.TIM_OC1PolarityConfig  stm32f4xx_tim.o
    0x08004074   0x08004074   0x0000000c   Code   RO         2485    i.TIM_OC1PreloadConfig  stm32f4xx_tim.o
    0x08004080   0x08004080   0x00000080   Code   RO         2487    i.TIM_OC2Init       stm32f4xx_tim.o
    0x08004100   0x08004100   0x00000014   Code   RO         2489    i.TIM_OC2PolarityConfig  stm32f4xx_tim.o
    0x08004114   0x08004114   0x00000014   Code   RO         2490    i.TIM_OC2PreloadConfig  stm32f4xx_tim.o
    0x08004128   0x08004128   0x0000007c   Code   RO         2492    i.TIM_OC3Init       stm32f4xx_tim.o
    0x080041a4   0x080041a4   0x00000014   Code   RO         2494    i.TIM_OC3PolarityConfig  stm32f4xx_tim.o
    0x080041b8   0x080041b8   0x0000000c   Code   RO         2495    i.TIM_OC3PreloadConfig  stm32f4xx_tim.o
    0x080041c4   0x080041c4   0x00000060   Code   RO         2497    i.TIM_OC4Init       stm32f4xx_tim.o
    0x08004224   0x08004224   0x00000014   Code   RO         2498    i.TIM_OC4PolarityConfig  stm32f4xx_tim.o
    0x08004238   0x08004238   0x00000014   Code   RO         2499    i.TIM_OC4PreloadConfig  stm32f4xx_tim.o
    0x0800424c   0x0800424c   0x00000004   Code   RO         2519    i.TIM_SetCounter    stm32f4xx_tim.o
    0x08004250   0x08004250   0x00000010   Code   RO         2520    i.TIM_SetIC1Prescaler  stm32f4xx_tim.o
    0x08004260   0x08004260   0x00000018   Code   RO         2521    i.TIM_SetIC2Prescaler  stm32f4xx_tim.o
    0x08004278   0x08004278   0x00000010   Code   RO         2522    i.TIM_SetIC3Prescaler  stm32f4xx_tim.o
    0x08004288   0x08004288   0x00000018   Code   RO         2523    i.TIM_SetIC4Prescaler  stm32f4xx_tim.o
    0x080042a0   0x080042a0   0x0000007c   Code   RO         2525    i.TIM_TimeBaseInit  stm32f4xx_tim.o
    0x0800431c   0x0800431c   0x00000012   Code   RO         2526    i.TIM_TimeBaseStructInit  stm32f4xx_tim.o
    0x0800432e   0x0800432e   0x00000002   PAD
    0x08004330   0x08004330   0x00000050   Code   RO         4234    i.Turn_Off          balance.o
    0x08004380   0x08004380   0x000000f0   Code   RO         1031    i.UART5_IRQHandler  usartx.o
    0x08004470   0x08004470   0x00000100   Code   RO         1032    i.USART1_IRQHandler  usartx.o
    0x08004570   0x08004570   0x00000234   Code   RO         1034    i.USART2_IRQHandler  usartx.o
    0x080047a4   0x080047a4   0x000000f8   Code   RO         1035    i.USART3_IRQHandler  usartx.o
    0x0800489c   0x0800489c   0x0000001c   Code   RO         1036    i.USART3_SEND       usartx.o
    0x080048b8   0x080048b8   0x00000014   Code   RO         1850    i.USART_Cmd         stm32f4xx_usart.o
    0x080048cc   0x080048cc   0x0000003e   Code   RO         1854    i.USART_GetITStatus  stm32f4xx_usart.o
    0x0800490a   0x0800490a   0x00000030   Code   RO         1856    i.USART_ITConfig    stm32f4xx_usart.o
    0x0800493a   0x0800493a   0x00000002   PAD
    0x0800493c   0x0800493c   0x000000ac   Code   RO         1857    i.USART_Init        stm32f4xx_usart.o
    0x080049e8   0x080049e8   0x00000008   Code   RO         1864    i.USART_ReceiveData  stm32f4xx_usart.o
    0x080049f0   0x080049f0   0x00000002   Code   RO          271    i.UsageFault_Handler  stm32f4xx_it.o
    0x080049f2   0x080049f2   0x00000002   PAD
    0x080049f4   0x080049f4   0x000000ac   Code   RO         1038    i.Vz_to_Akm_Angle   usartx.o
    0x08004aa0   0x08004aa0   0x00000054   Code   RO         1039    i.XYZ_Target_Speed_transition  usartx.o
    0x08004af4   0x08004af4   0x00000030   Code   RO         4846    i.__ARM_fpclassify  m_wm.l(fpclassify.o)
    0x08004b24   0x08004b24   0x00000004   PAD
    0x08004b28   0x08004b28   0x000002d8   Code   RO         4735    i.__hardfp_atan     m_wm.l(atan.o)
    0x08004e00   0x08004e00   0x00000c50   Code   RO         4749    i.__hardfp_pow      m_wm.l(pow.o)
    0x08005a50   0x08005a50   0x0000007a   Code   RO         4763    i.__hardfp_sqrt     m_wm.l(sqrt.o)
    0x08005aca   0x08005aca   0x00000006   PAD
    0x08005ad0   0x08005ad0   0x00000080   Code   RO         4775    i.__hardfp_tan      m_wm.l(tan.o)
    0x08005b50   0x08005b50   0x00000438   Code   RO         4851    i.__ieee754_rem_pio2  m_wm.l(rred.o)
    0x08005f88   0x08005f88   0x000000f8   Code   RO         4848    i.__kernel_poly     m_wm.l(poly.o)
    0x08006080   0x08006080   0x00000350   Code   RO         4856    i.__kernel_tan      m_wm.l(tan_i.o)
    0x080063d0   0x080063d0   0x00000030   Code   RO         4826    i.__mathlib_dbl_divzero  m_wm.l(dunder.o)
    0x08006400   0x08006400   0x00000014   Code   RO         4827    i.__mathlib_dbl_infnan  m_wm.l(dunder.o)
    0x08006414   0x08006414   0x00000014   Code   RO         4828    i.__mathlib_dbl_infnan2  m_wm.l(dunder.o)
    0x08006428   0x08006428   0x00000020   Code   RO         4829    i.__mathlib_dbl_invalid  m_wm.l(dunder.o)
    0x08006448   0x08006448   0x00000020   Code   RO         4830    i.__mathlib_dbl_overflow  m_wm.l(dunder.o)
    0x08006468   0x08006468   0x00000020   Code   RO         4832    i.__mathlib_dbl_underflow  m_wm.l(dunder.o)
    0x08006488   0x08006488   0x00000002   Code   RO         1260    i._sys_exit         usart.o
    0x0800648a   0x0800648a   0x00000002   PAD
    0x0800648c   0x0800648c   0x0000008c   Code   RO          607    i.click_N_Double_MPU6050  key.o
    0x08006518   0x08006518   0x0000001a   Code   RO         1040    i.data_task         usartx.o
    0x08006532   0x08006532   0x00000002   PAD
    0x08006534   0x08006534   0x00000308   Code   RO         1041    i.data_transition   usartx.o
    0x0800683c   0x0800683c   0x00000038   Code   RO         1187    i.delay_init        delay.o
    0x08006874   0x08006874   0x00000038   Code   RO         1188    i.delay_ms          delay.o
    0x080068ac   0x080068ac   0x00000034   Code   RO         1189    i.delay_us          delay.o
    0x080068e0   0x080068e0   0x00000018   Code   RO         4842    i.fabs              m_wm.l(fabs.o)
    0x080068f8   0x080068f8   0x00000010   Code   RO         4235    i.float_abs         balance.o
    0x08006908   0x08006908   0x00000018   Code   RO         1261    i.fputc             usart.o
    0x08006920   0x08006920   0x0000001c   Code   RO         1191    i.getSysTickCnt     delay.o
    0x0800693c   0x0800693c   0x00000020   Code   RO          659    i.led_task          led.o
    0x0800695c   0x0800695c   0x00000038   Code   RO            3    i.main              main.o
    0x08006994   0x08006994   0x00000010   Code   RO          772    i.oled_pow          oled.o
    0x080069a4   0x080069a4   0x00000884   Code   RO         4390    i.oled_show         show.o
    0x08007228   0x08007228   0x00000070   Code   RO         3528    i.prvAddCurrentTaskToDelayedList  tasks.o
    0x08007298   0x08007298   0x000000d0   Code   RO         3529    i.prvAddNewTaskToReadyList  tasks.o
    0x08007368   0x08007368   0x00000050   Code   RO         3881    i.prvCheckForValidListAndQueue  timers.o
    0x080073b8   0x080073b8   0x00000054   Code   RO         3530    i.prvCheckTasksWaitingTermination  tasks.o
    0x0800740c   0x0800740c   0x00000026   Code   RO         3305    i.prvCopyDataFromQueue  queue.o
    0x08007432   0x08007432   0x0000006c   Code   RO         3306    i.prvCopyDataToQueue  queue.o
    0x0800749e   0x0800749e   0x00000014   Code   RO         3531    i.prvDeleteTCB      tasks.o
    0x080074b2   0x080074b2   0x00000002   PAD
    0x080074b4   0x080074b4   0x0000004c   Code   RO         4094    i.prvHeapInit       heap_4.o
    0x08007500   0x08007500   0x00000028   Code   RO         3532    i.prvIdleTask       tasks.o
    0x08007528   0x08007528   0x000000c0   Code   RO         3533    i.prvInitialiseNewTask  tasks.o
    0x080075e8   0x080075e8   0x0000004c   Code   RO         4095    i.prvInsertBlockIntoFreeList  heap_4.o
    0x08007634   0x08007634   0x00000038   Code   RO         3882    i.prvInsertTimerInActiveList  timers.o
    0x0800766c   0x0800766c   0x0000001a   Code   RO         3307    i.prvIsQueueEmpty   queue.o
    0x08007686   0x08007686   0x00000002   PAD
    0x08007688   0x08007688   0x00000090   Code   RO         3308    i.prvNotifyQueueSetContainer  queue.o
    0x08007718   0x08007718   0x00000060   Code   RO         3883    i.prvProcessExpiredTimer  timers.o
    0x08007778   0x08007778   0x000000f0   Code   RO         3884    i.prvProcessReceivedCommands  timers.o
    0x08007868   0x08007868   0x0000006c   Code   RO         3885    i.prvProcessTimerOrBlockTask  timers.o
    0x080078d4   0x080078d4   0x00000020   Code   RO         3535    i.prvResetNextTaskUnblockTime  tasks.o
    0x080078f4   0x080078f4   0x00000028   Code   RO         3886    i.prvSampleTimeNow  timers.o
    0x0800791c   0x0800791c   0x0000006c   Code   RO         3887    i.prvSwitchTimerLists  timers.o
    0x08007988   0x08007988   0x00000064   Code   RO         4010    i.prvTaskExitError  port.o
    0x080079ec   0x080079ec   0x00000028   Code   RO         3888    i.prvTimerTask      timers.o
    0x08007a14   0x08007a14   0x00000078   Code   RO         3309    i.prvUnlockQueue    queue.o
    0x08007a8c   0x08007a8c   0x00000016   Code   RO          873    i.pstwo_task        pstwo.o
    0x08007aa2   0x08007aa2   0x00000002   PAD
    0x08007aa4   0x08007aa4   0x00000114   Code   RO         4096    i.pvPortMalloc      heap_4.o
    0x08007bb8   0x08007bb8   0x00000018   Code   RO         3537    i.pvTaskIncrementMutexHeldCount  tasks.o
    0x08007bd0   0x08007bd0   0x0000002c   Code   RO         4011    i.pxPortInitialiseStack  port.o
    0x08007bfc   0x08007bfc   0x00000138   Code   RO         4391    i.show_task         show.o
    0x08007d34   0x08007d34   0x0000006e   Code   RO         4765    i.sqrt              m_wm.l(sqrt.o)
    0x08007da2   0x08007da2   0x00000002   PAD
    0x08007da4   0x08007da4   0x000000f0   Code   RO            4    i.start_task        main.o
    0x08007e94   0x08007e94   0x00000090   Code   RO         4151    i.systemInit        system.o
    0x08007f24   0x08007f24   0x00000020   Code   RO         4238    i.target_limit_float  balance.o
    0x08007f44   0x08007f44   0x00000010   Code   RO         4239    i.target_limit_int  balance.o
    0x08007f54   0x08007f54   0x000000a8   Code   RO         1043    i.uart2_init        usartx.o
    0x08007ffc   0x08007ffc   0x000000b0   Code   RO         1044    i.uart3_init        usartx.o
    0x080080ac   0x080080ac   0x00000014   Code   RO         1048    i.usart3_send       usartx.o
    0x080080c0   0x080080c0   0x00000024   Code   RO         3260    i.uxListRemove      list.o
    0x080080e4   0x080080e4   0x00000016   Code   RO         3261    i.vListInitialise   list.o
    0x080080fa   0x080080fa   0x00000006   Code   RO         3262    i.vListInitialiseItem  list.o
    0x08008100   0x08008100   0x00000030   Code   RO         3263    i.vListInsert       list.o
    0x08008130   0x08008130   0x00000018   Code   RO         3264    i.vListInsertEnd    list.o
    0x08008148   0x08008148   0x00000078   Code   RO         4013    i.vPortEnterCritical  port.o
    0x080081c0   0x080081c0   0x00000064   Code   RO         4014    i.vPortExitCritical  port.o
    0x08008224   0x08008224   0x0000009c   Code   RO         4097    i.vPortFree         heap_4.o
    0x080082c0   0x080082c0   0x00000020   Code   RO         4015    i.vPortSetupTimerInterrupt  port.o
    0x080082e0   0x080082e0   0x0000008c   Code   RO         4016    i.vPortValidateInterruptPriority  port.o
    0x0800836c   0x0800836c   0x00000024   Code   RO         3315    i.vQueueAddToRegistry  queue.o
    0x08008390   0x08008390   0x00000044   Code   RO         3319    i.vQueueWaitForMessageRestricted  queue.o
    0x080083d4   0x080083d4   0x0000006c   Code   RO         3545    i.vTaskDelay        tasks.o
    0x08008440   0x08008440   0x000000ac   Code   RO         3546    i.vTaskDelayUntil   tasks.o
    0x080084ec   0x080084ec   0x000000cc   Code   RO         3547    i.vTaskDelete       tasks.o
    0x080085b8   0x080085b8   0x0000000c   Code   RO         3551    i.vTaskMissedYield  tasks.o
    0x080085c4   0x080085c4   0x00000054   Code   RO         3553    i.vTaskPlaceOnEventList  tasks.o
    0x08008618   0x08008618   0x0000005c   Code   RO         3554    i.vTaskPlaceOnEventListRestricted  tasks.o
    0x08008674   0x08008674   0x00000084   Code   RO         3556    i.vTaskPriorityInherit  tasks.o
    0x080086f8   0x080086f8   0x00000048   Code   RO         3560    i.vTaskSetTimeOutState  tasks.o
    0x08008740   0x08008740   0x00000094   Code   RO         3561    i.vTaskStartScheduler  tasks.o
    0x080087d4   0x080087d4   0x00000010   Code   RO         3563    i.vTaskSuspendAll   tasks.o
    0x080087e4   0x080087e4   0x0000007c   Code   RO         3564    i.vTaskSwitchContext  tasks.o
    0x08008860   0x08008860   0x00000114   Code   RO         4017    i.xPortStartScheduler  port.o
    0x08008974   0x08008974   0x0000002c   Code   RO         4018    i.xPortSysTickHandler  port.o
    0x080089a0   0x080089a0   0x00000078   Code   RO         3324    i.xQueueGenericCreate  queue.o
    0x08008a18   0x08008a18   0x00000184   Code   RO         3325    i.xQueueGenericReceive  queue.o
    0x08008b9c   0x08008b9c   0x000000a8   Code   RO         3326    i.xQueueGenericReset  queue.o
    0x08008c44   0x08008c44   0x00000188   Code   RO         3327    i.xQueueGenericSend  queue.o
    0x08008dcc   0x08008dcc   0x000000e0   Code   RO         3328    i.xQueueGenericSendFromISR  queue.o
    0x08008eac   0x08008eac   0x00000088   Code   RO         3565    i.xTaskCheckForTimeOut  tasks.o
    0x08008f34   0x08008f34   0x00000056   Code   RO         3566    i.xTaskCreate       tasks.o
    0x08008f8a   0x08008f8a   0x00000002   PAD
    0x08008f8c   0x08008f8c   0x0000001c   Code   RO         3570    i.xTaskGetSchedulerState  tasks.o
    0x08008fa8   0x08008fa8   0x0000000c   Code   RO         3571    i.xTaskGetTickCount  tasks.o
    0x08008fb4   0x08008fb4   0x000000e8   Code   RO         3573    i.xTaskIncrementTick  tasks.o
    0x0800909c   0x0800909c   0x000000b4   Code   RO         3576    i.xTaskPriorityDisinherit  tasks.o
    0x08009150   0x08009150   0x00000098   Code   RO         3577    i.xTaskRemoveFromEventList  tasks.o
    0x080091e8   0x080091e8   0x000000e4   Code   RO         3579    i.xTaskResumeAll    tasks.o
    0x080092cc   0x080092cc   0x00000074   Code   RO         3891    i.xTimerCreate      timers.o
    0x08009340   0x08009340   0x00000074   Code   RO         3892    i.xTimerCreateTimerTask  timers.o
    0x080093b4   0x080093b4   0x00000090   Code   RO         3893    i.xTimerGenericCommand  timers.o
    0x08009444   0x08009444   0x00000018   Code   RO         4807    x$fpl$basic         fz_wm.l(basic.o)
    0x0800945c   0x0800945c   0x00000062   Code   RO         4709    x$fpl$d2f           fz_wm.l(d2f.o)
    0x080094be   0x080094be   0x00000002   PAD
    0x080094c0   0x080094c0   0x00000150   Code   RO         4711    x$fpl$dadd          fz_wm.l(daddsub_clz.o)
    0x08009610   0x08009610   0x00000010   Code   RO         4888    x$fpl$dcheck1       fz_wm.l(dcheck1.o)
    0x08009620   0x08009620   0x00000018   Code   RO         4890    x$fpl$dcmpinf       fz_wm.l(dcmpi.o)
    0x08009638   0x08009638   0x000002b0   Code   RO         4718    x$fpl$ddiv          fz_wm.l(ddiv.o)
    0x080098e8   0x080098e8   0x0000005e   Code   RO         4721    x$fpl$dfix          fz_wm.l(dfix.o)
    0x08009946   0x08009946   0x0000002e   Code   RO         4726    x$fpl$dflt          fz_wm.l(dflt_clz.o)
    0x08009974   0x08009974   0x00000026   Code   RO         4725    x$fpl$dfltu         fz_wm.l(dflt_clz.o)
    0x0800999a   0x0800999a   0x00000002   PAD
    0x0800999c   0x0800999c   0x00000078   Code   RO         4809    x$fpl$dleqf         fz_wm.l(dleqf.o)
    0x08009a14   0x08009a14   0x00000154   Code   RO         4731    x$fpl$dmul          fz_wm.l(dmul.o)
    0x08009b68   0x08009b68   0x0000009c   Code   RO         4811    x$fpl$dnaninf       fz_wm.l(dnaninf.o)
    0x08009c04   0x08009c04   0x0000000c   Code   RO         4813    x$fpl$dretinf       fz_wm.l(dretinf.o)
    0x08009c10   0x08009c10   0x0000006c   Code   RO         4815    x$fpl$drleqf        fz_wm.l(drleqf.o)
    0x08009c7c   0x08009c7c   0x00000016   Code   RO         4712    x$fpl$drsb          fz_wm.l(daddsub_clz.o)
    0x08009c92   0x08009c92   0x00000002   PAD
    0x08009c94   0x08009c94   0x00000198   Code   RO         4817    x$fpl$dsqrt         fz_wm.l(dsqrt_umaal.o)
    0x08009e2c   0x08009e2c   0x000001d4   Code   RO         4713    x$fpl$dsub          fz_wm.l(daddsub_clz.o)
    0x0800a000   0x0800a000   0x00000056   Code   RO         4733    x$fpl$f2d           fz_wm.l(f2d.o)
    0x0800a056   0x0800a056   0x0000008c   Code   RO         4819    x$fpl$fnaninf       fz_wm.l(fnaninf.o)
    0x0800a0e2   0x0800a0e2   0x0000000a   Code   RO         4965    x$fpl$fpinit        fz_wm.l(fpinit.o)
    0x0800a0ec   0x0800a0ec   0x0000000a   Code   RO         4821    x$fpl$fretinf       fz_wm.l(fretinf.o)
    0x0800a0f6   0x0800a0f6   0x00000064   Code   RO         4905    x$fpl$retnan        fz_wm.l(retnan.o)
    0x0800a15a   0x0800a15a   0x0000005c   Code   RO         4823    x$fpl$scalbn        fz_wm.l(scalbn.o)
    0x0800a1b6   0x0800a1b6   0x00000030   Code   RO         4954    x$fpl$trapveneer    fz_wm.l(trapv.o)
    0x0800a1e6   0x0800a1e6   0x00000000   Code   RO         4825    x$fpl$usenofp       fz_wm.l(usenofp.o)
    0x0800a1e6   0x0800a1e6   0x000014a4   Data   RO          774    .constdata          oled.o
    0x0800b68a   0x0800b68a   0x00000006   PAD
    0x0800b690   0x0800b690   0x00000098   Data   RO         4738    .constdata          m_wm.l(atan.o)
    0x0800b728   0x0800b728   0x00000088   Data   RO         4752    .constdata          m_wm.l(pow.o)
    0x0800b7b0   0x0800b7b0   0x00000008   Data   RO         4850    .constdata          m_wm.l(qnan.o)
    0x0800b7b8   0x0800b7b8   0x000000c8   Data   RO         4853    .constdata          m_wm.l(rred.o)
    0x0800b880   0x0800b880   0x00000060   Data   RO         4857    .constdata          m_wm.l(tan_i.o)
    0x0800b8e0   0x0800b8e0   0x00000020   Data   RO         5031    Region$$Table       anon$$obj.o


    Execution Region RW_IRAM1 (Exec base: 0x20000000, Load base: 0x0800b900, Size: 0x00006100, Max: 0x00020000, ABSOLUTE, COMPRESSED[0x0000005c])

    Exec Addr    Load Addr    Size         Type   Attr      Idx    E Section Name        Object

    0x20000000   COMPRESSED   0x00000004   Data   RW            5    .data               main.o
    0x20000004   COMPRESSED   0x00000014   Data   RW          348    .data               system_stm32f4xx.o
    0x20000018   COMPRESSED   0x00000002   Data   RW          391    .data               adc.o
    0x2000001a   COMPRESSED   0x00000002   PAD
    0x2000001c   COMPRESSED   0x00000004   Data   RW          392    .data               adc.o
    0x20000020   COMPRESSED   0x00000004   Data   RW          394    .data               adc.o
    0x20000024   COMPRESSED   0x00000014   Data   RW          608    .data               key.o
    0x20000038   COMPRESSED   0x00000008   Data   RW          660    .data               led.o
    0x20000040   COMPRESSED   0x00000001   Data   RW          661    .data               led.o
    0x20000041   COMPRESSED   0x00000001   Data   RW          662    .data               led.o
    0x20000042   COMPRESSED   0x00000002   PAD
    0x20000044   COMPRESSED   0x00000028   Data   RW          875    .data               pstwo.o
    0x2000006c   COMPRESSED   0x00000044   Data   RW          984    .data               timer.o
    0x200000b0   COMPRESSED   0x0000000c   Data   RW         1051    .data               usartx.o
    0x200000bc   COMPRESSED   0x00000008   Data   RW         1192    .data               delay.o
    0x200000c4   COMPRESSED   0x00000004   Data   RW         1265    .data               usart.o
    0x200000c8   COMPRESSED   0x00000010   Data   RW         1509    .data               stm32f4xx_rcc.o
    0x200000d8   COMPRESSED   0x0000003c   Data   RW         3582    .data               tasks.o
    0x20000114   COMPRESSED   0x00000014   Data   RW         3901    .data               timers.o
    0x20000128   COMPRESSED   0x0000000c   Data   RW         4019    .data               port.o
    0x20000134   COMPRESSED   0x00000018   Data   RW         4102    .data               heap_4.o
    0x2000014c   COMPRESSED   0x00000001   Data   RW         4157    .data               system.o
    0x2000014d   COMPRESSED   0x00000001   Data   RW         4158    .data               system.o
    0x2000014e   COMPRESSED   0x00000002   PAD
    0x20000150   COMPRESSED   0x00000004   Data   RW         4159    .data               system.o
    0x20000154   COMPRESSED   0x00000004   Data   RW         4160    .data               system.o
    0x20000158   COMPRESSED   0x00000004   Data   RW         4161    .data               system.o
    0x2000015c   COMPRESSED   0x00000001   Data   RW         4162    .data               system.o
    0x2000015d   COMPRESSED   0x00000001   Data   RW         4163    .data               system.o
    0x2000015e   COMPRESSED   0x00000001   Data   RW         4164    .data               system.o
    0x2000015f   COMPRESSED   0x00000001   Data   RW         4165    .data               system.o
    0x20000160   COMPRESSED   0x00000001   Data   RW         4166    .data               system.o
    0x20000161   COMPRESSED   0x00000001   Data   RW         4167    .data               system.o
    0x20000162   COMPRESSED   0x00000001   Data   RW         4169    .data               system.o
    0x20000163   COMPRESSED   0x00000001   PAD
    0x20000164   COMPRESSED   0x00000004   Data   RW         4170    .data               system.o
    0x20000168   COMPRESSED   0x00000004   Data   RW         4174    .data               system.o
    0x2000016c   COMPRESSED   0x00000004   Data   RW         4175    .data               system.o
    0x20000170   COMPRESSED   0x00000004   Data   RW         4177    .data               system.o
    0x20000174   COMPRESSED   0x00000004   Data   RW         4178    .data               system.o
    0x20000178   COMPRESSED   0x00000004   Data   RW         4179    .data               system.o
    0x2000017c   COMPRESSED   0x00000004   Data   RW         4180    .data               system.o
    0x20000180   COMPRESSED   0x00000004   Data   RW         4181    .data               system.o
    0x20000184   COMPRESSED   0x00000004   Data   RW         4182    .data               system.o
    0x20000188   COMPRESSED   0x00000004   Data   RW         4183    .data               system.o
    0x2000018c   COMPRESSED   0x00000004   Data   RW         4184    .data               system.o
    0x20000190   COMPRESSED   0x00000004   Data   RW         4185    .data               system.o
    0x20000194   COMPRESSED   0x00000004   Data   RW         4186    .data               system.o
    0x20000198   COMPRESSED   0x00000001   Data   RW         4187    .data               system.o
    0x20000199   COMPRESSED   0x00000001   Data   RW         4188    .data               system.o
    0x2000019a   COMPRESSED   0x00000001   Data   RW         4189    .data               system.o
    0x2000019b   COMPRESSED   0x00000001   Data   RW         4190    .data               system.o
    0x2000019c   COMPRESSED   0x00000004   Data   RW         4191    .data               system.o
    0x200001a0   COMPRESSED   0x00000004   Data   RW         4192    .data               system.o
    0x200001a4   COMPRESSED   0x00000004   Data   RW         4193    .data               system.o
    0x200001a8   COMPRESSED   0x00000004   Data   RW         4194    .data               system.o
    0x200001ac   COMPRESSED   0x00000004   Data   RW         4195    .data               system.o
    0x200001b0   COMPRESSED   0x0000003c   Data   RW         4241    .data               balance.o
    0x200001ec   COMPRESSED   0x00000018   Data   RW         4392    .data               show.o
    0x20000204   COMPRESSED   0x00000028   Data   RW         4452    .data               mpu6050.o
    0x2000022c        -       0x00000400   Zero   RW          773    .bss                oled.o
    0x2000062c        -       0x00000009   Zero   RW          874    .bss                pstwo.o
    0x20000635   COMPRESSED   0x00000003   PAD
    0x20000638        -       0x00000098   Zero   RW         1050    .bss                usartx.o
    0x200006d0        -       0x00000040   Zero   RW         3339    .bss                queue.o
    0x20000710        -       0x000002e4   Zero   RW         3581    .bss                tasks.o
    0x200009f4        -       0x00000028   Zero   RW         3900    .bss                timers.o
    0x20000a1c        -       0x00005000   Zero   RW         4101    .bss                heap_4.o
    0x20005a1c        -       0x0000000c   Zero   RW         4152    .bss                system.o
    0x20005a28        -       0x00000014   Zero   RW         4153    .bss                system.o
    0x20005a3c        -       0x00000014   Zero   RW         4154    .bss                system.o
    0x20005a50        -       0x00000014   Zero   RW         4155    .bss                system.o
    0x20005a64        -       0x00000014   Zero   RW         4156    .bss                system.o
    0x20005a78        -       0x00000010   Zero   RW         4240    .bss                balance.o
    0x20005a88        -       0x00000018   Zero   RW         4362    .bss                robot_select_init.o
    0x20005aa0        -       0x00000060   Zero   RW         4893    .bss                c_w.l(libspace.o)
    0x20005b00        -       0x00000200   Zero   RW         1306    HEAP                startup_stm32f40_41xxx.o
    0x20005d00        -       0x00000400   Zero   RW         1305    STACK               startup_stm32f40_41xxx.o


==============================================================================

Image component sizes


      Code (inc. data)   RO Data    RW Data    ZI Data      Debug   Object Name

       548         64          0         10          0       5060   adc.o
      4714        674          0         60         16      15052   balance.o
       388         52          0          0          0       2032   can.o
       212         18          0          8          0       3181   delay.o
       944         70          0          0          0       6019   encoder.o
         0          0          0          0          0       9352   event_groups.o
       584        138          0         24      20480       4135   heap_4.o
       818         74          0          0          0       6997   i2c.o
       184         12          0         20          0       3062   key.o
       548         42          0         10          0       4949   led.o
       136          0          0          0          0       3202   list.o
       296        130          0          4          0     314176   main.o
       144         14          0          0          0       2121   misc.o
       808         44          0          0          0       3723   motor.o
       630         22          0         40          0       6528   mpu6050.o
       878         42       5284          0       1024       7447   oled.o
      1038        382          0         12          0      10857   port.o
      1080        116          0         40          9       7804   pstwo.o
      1832        236          0          0         64      13429   queue.o
       476        150          0          0         24       1917   robot_select_init.o
      2804        438          0         24          0       3872   show.o
        64         26        392          0       1536        848   startup_stm32f40_41xxx.o
       286         20          0          0          0       5630   stm32f4xx_adc.o
       156          0          0          0          0       2322   stm32f4xx_gpio.o
        12          0          0          0          0       2713   stm32f4xx_it.o
        12          6          0          0          0        534   stm32f4xx_pwr.o
       268         42          0         16          0       5884   stm32f4xx_rcc.o
      1274         60          0          0          0      24144   stm32f4xx_tim.o
       310          8          0          0          0       4454   stm32f4xx_usart.o
       144          0          0         97         92       3868   system.o
       272         36          0         20          0       1769   system_stm32f4xx.o
      2930        714          0         60        740      30789   tasks.o
       628         40          0         68          0       2878   timer.o
      1144        260          0         20         40      10026   timers.o
        26          6          0          4          0       2908   usart.o
      2814        416          0         12        152      11113   usartx.o

    ----------------------------------------------------------------------
     29448       4352       5714        556      24180     544795   Object Totals
         0          0         32          0          0          0   (incl. Generated)
        46          0          6          7          3          0   (incl. Padding)

    ----------------------------------------------------------------------

      Code (inc. data)   RO Data    RW Data    ZI Data      Debug   Library Member Name

        90          0          0          0          0          0   __dczerorl2.o
         8          0          0          0          0         68   __main.o
       104          0          0          0          0         84   __printf.o
         0          0          0          0          0          0   __rtentry.o
        12          0          0          0          0          0   __rtentry2.o
         6          0          0          0          0          0   __rtentry4.o
        52          8          0          0          0          0   __scatter.o
        28          0          0          0          0          0   __scatter_zi.o
        44          0          0          0          0        108   _printf_char.o
        48          6          0          0          0         96   _printf_char_common.o
        36          4          0          0          0         80   _printf_char_file.o
         6          0          0          0          0          0   _printf_d.o
       120         16          0          0          0         92   _printf_dec.o
       178          0          0          0          0         88   _printf_intcommon.o
         0          0          0          0          0          0   _printf_percent.o
         4          0          0          0          0          0   _printf_percent_end.o
         6          0          0          0          0          0   _printf_s.o
        82          0          0          0          0         80   _printf_str.o
        22          0          0          0          0        100   _rserrno.o
        16          0          0          0          0         68   aeabi_memset.o
        18          0          0          0          0         80   exit.o
         8          0          0          0          0         68   ferror.o
         6          0          0          0          0        152   heapauxi.o
         2          0          0          0          0          0   libinit.o
         6          0          0          0          0          0   libinit2.o
         2          0          0          0          0          0   libshutdown.o
         2          0          0          0          0          0   libshutdown2.o
         8          4          0          0         96         68   libspace.o
        24          4          0          0          0         84   noretval__2printf.o
         8          4          0          0          0         68   rt_errno_addr_intlibspace.o
        68          0          0          0          0         68   rt_memclr.o
        78          0          0          0          0         80   rt_memclr_w.o
       138          0          0          0          0         68   rt_memcpy_v6.o
       100          0          0          0          0         80   rt_memcpy_w.o
         2          0          0          0          0          0   rtexit.o
        10          0          0          0          0          0   rtexit2.o
        74          0          0          0          0         80   sys_stackheap_outer.o
         2          0          0          0          0         68   use_no_semi.o
         2          0          0          0          0         68   use_no_semi_2.o
        24          0          0          0          0        164   basic.o
        98          4          0          0          0        140   d2f.o
       826         16          0          0          0        492   daddsub_clz.o
        16          4          0          0          0        116   dcheck1.o
        24          0          0          0          0        116   dcmpi.o
       688        140          0          0          0        256   ddiv.o
        94          4          0          0          0        140   dfix.o
        84          0          0          0          0        232   dflt_clz.o
       120          4          0          0          0        140   dleqf.o
       340         12          0          0          0        152   dmul.o
       156          4          0          0          0        140   dnaninf.o
        12          0          0          0          0        116   dretinf.o
       108          0          0          0          0        128   drleqf.o
       408         56          0          0          0        168   dsqrt_umaal.o
        86          4          0          0          0        132   f2d.o
       140          4          0          0          0        132   fnaninf.o
        10          0          0          0          0        116   fpinit.o
        10          0          0          0          0        116   fretinf.o
       100          0          0          0          0        116   retnan.o
        92          0          0          0          0        116   scalbn.o
        48          0          0          0          0        116   trapv.o
         0          0          0          0          0          0   usenofp.o
       728        106        152          0          0        228   atan.o
       184         44          0          0          0        744   dunder.o
        24          0          0          0          0        124   fabs.o
        48          0          0          0          0        124   fpclassify.o
       248          0          0          0          0        152   poly.o
      3152        296        136          0          0        352   pow.o
         0          0          8          0          0          0   qnan.o
      1080        142        200          0          0        188   rred.o
       232          0          0          0          0        296   sqrt.o
       128         20          0          0          0        144   tan.o
       848         84         96          0          0        196   tan_i.o

    ----------------------------------------------------------------------
     11606        990        592          0         96       7788   Library Totals
        30          0          0          0          0          0   (incl. Padding)

    ----------------------------------------------------------------------

      Code (inc. data)   RO Data    RW Data    ZI Data      Debug   Library Name

      1420         46          0          0         96       1896   c_w.l
      3484        252          0          0          0       3344   fz_wm.l
      6672        692        592          0          0       2548   m_wm.l

    ----------------------------------------------------------------------
     11606        990        592          0         96       7788   Library Totals

    ----------------------------------------------------------------------

==============================================================================


      Code (inc. data)   RO Data    RW Data    ZI Data      Debug   

     41054       5342       6306        556      24276     523195   Grand Totals
     41054       5342       6306         92      24276     523195   ELF Image Totals (compressed)
     41054       5342       6306         92          0          0   ROM Totals

==============================================================================

    Total RO  Size (Code + RO Data)                47360 (  46.25kB)
    Total RW  Size (RW Data + ZI Data)             24832 (  24.25kB)
    Total ROM Size (Code + RO Data + RW Data)      47452 (  46.34kB)

==============================================================================

