Determining if the pthread_create exist failed with the following output:
Change Dir: /home/jetson/catkin_ws/build/CMakeFiles/CMakeTmp

Run Build Command:"/usr/bin/make" "cmTC_a02bf/fast"
/usr/bin/make -f CMakeFiles/cmTC_a02bf.dir/build.make CMakeFiles/cmTC_a02bf.dir/build
make[1]: 进入目录“/home/jetson/catkin_ws/build/CMakeFiles/CMakeTmp”
Building C object CMakeFiles/cmTC_a02bf.dir/CheckSymbolExists.c.o
/usr/bin/cc    -o CMakeFiles/cmTC_a02bf.dir/CheckSymbolExists.c.o   -c /home/jetson/catkin_ws/build/CMakeFiles/CMakeTmp/CheckSymbolExists.c
Linking C executable cmTC_a02bf
/usr/bin/cmake -E cmake_link_script CMakeFiles/cmTC_a02bf.dir/link.txt --verbose=1
/usr/bin/cc      -rdynamic CMakeFiles/cmTC_a02bf.dir/CheckSymbolExists.c.o  -o cmTC_a02bf 
CMakeFiles/cmTC_a02bf.dir/CheckSymbolExists.c.o：在函数‘main’中：
CheckSymbolExists.c:(.text+0x14)：对‘pthread_create’未定义的引用
CheckSymbolExists.c:(.text+0x18)：对‘pthread_create’未定义的引用
collect2: error: ld returned 1 exit status
CMakeFiles/cmTC_a02bf.dir/build.make:97: recipe for target 'cmTC_a02bf' failed
make[1]: *** [cmTC_a02bf] Error 1
make[1]: 离开目录“/home/jetson/catkin_ws/build/CMakeFiles/CMakeTmp”
Makefile:126: recipe for target 'cmTC_a02bf/fast' failed
make: *** [cmTC_a02bf/fast] Error 2

File /home/jetson/catkin_ws/build/CMakeFiles/CMakeTmp/CheckSymbolExists.c:
/* */
#include <pthread.h>

int main(int argc, char** argv)
{
  (void)argv;
#ifndef pthread_create
  return ((int*)(&pthread_create))[argc];
#else
  (void)argc;
  return 0;
#endif
}

Determining if the function pthread_create exists in the pthreads failed with the following output:
Change Dir: /home/jetson/catkin_ws/build/CMakeFiles/CMakeTmp

Run Build Command:"/usr/bin/make" "cmTC_10ae0/fast"
/usr/bin/make -f CMakeFiles/cmTC_10ae0.dir/build.make CMakeFiles/cmTC_10ae0.dir/build
make[1]: 进入目录“/home/jetson/catkin_ws/build/CMakeFiles/CMakeTmp”
Building C object CMakeFiles/cmTC_10ae0.dir/CheckFunctionExists.c.o
/usr/bin/cc   -DCHECK_FUNCTION_EXISTS=pthread_create   -o CMakeFiles/cmTC_10ae0.dir/CheckFunctionExists.c.o   -c /usr/share/cmake-3.10/Modules/CheckFunctionExists.c
Linking C executable cmTC_10ae0
/usr/bin/cmake -E cmake_link_script CMakeFiles/cmTC_10ae0.dir/link.txt --verbose=1
/usr/bin/cc  -DCHECK_FUNCTION_EXISTS=pthread_create    -rdynamic CMakeFiles/cmTC_10ae0.dir/CheckFunctionExists.c.o  -o cmTC_10ae0 -lpthreads 
/usr/bin/ld: 找不到 -lpthreads
collect2: error: ld returned 1 exit status
CMakeFiles/cmTC_10ae0.dir/build.make:97: recipe for target 'cmTC_10ae0' failed
make[1]: *** [cmTC_10ae0] Error 1
make[1]: 离开目录“/home/jetson/catkin_ws/build/CMakeFiles/CMakeTmp”
Makefile:126: recipe for target 'cmTC_10ae0/fast' failed
make: *** [cmTC_10ae0/fast] Error 2


